Component: ARM Compiler 5.06 update 6 (build 750) Tool: armlink [4d35ed]

==============================================================================

Section Cross References

    main.o(i.main) refers to stm32f10x_rcc.o(i.RCC_APB2PeriphClockCmd) for RCC_APB2PeriphClockCmd
    main.o(i.main) refers to stm32f10x_gpio.o(i.GPIO_Init) for GPIO_Init
    main.o(i.main) refers to stm32f10x_gpio.o(i.GPIO_SetBits) for GPIO_SetBits
    main.o(i.main) refers to delay.o(i.delay_init) for delay_init
    main.o(i.main) refers to oled.o(i.u8g2_Init) for u8g2_Init
    main.o(i.main) refers to stm32f10x_gpio.o(i.GPIO_ResetBits) for GPIO_ResetBits
    main.o(i.main) refers to main.o(i.Delay) for Delay
    main.o(i.main) refers to u8g2_buffer.o(i.u8g2_FirstPage) for u8g2_FirstPage
    main.o(i.main) refers to u8g2_font.o(i.u8g2_SetFontMode) for u8g2_SetFontMode
    main.o(i.main) refers to u8g2_font.o(i.u8g2_SetFontDirection) for u8g2_SetFontDirection
    main.o(i.main) refers to u8g2_font.o(i.u8g2_SetFont) for u8g2_SetFont
    main.o(i.main) refers to u8g2_font.o(i.u8g2_DrawStr) for u8g2_DrawStr
    main.o(i.main) refers to u8g2_hvline.o(i.u8g2_DrawHLine) for u8g2_DrawHLine
    main.o(i.main) refers to u8g2_hvline.o(i.u8g2_DrawVLine) for u8g2_DrawVLine
    main.o(i.main) refers to u8g2_buffer.o(i.u8g2_NextPage) for u8g2_NextPage
    main.o(i.main) refers to main.o(.bss) for u8g2
    main.o(i.main) refers to u8g2_fonts.o(.constdata) for u8g2_font_inb24_mf
    system_stm32f10x.o(i.SetSysClock) refers to system_stm32f10x.o(i.SetSysClockTo72) for SetSysClockTo72
    system_stm32f10x.o(i.SystemCoreClockUpdate) refers to system_stm32f10x.o(.data) for SystemCoreClock
    system_stm32f10x.o(i.SystemInit) refers to system_stm32f10x.o(i.SetSysClock) for SetSysClock
    delay.o(i.delay_init) refers to misc.o(i.SysTick_CLKSourceConfig) for SysTick_CLKSourceConfig
    delay.o(i.delay_init) refers to system_stm32f10x.o(.data) for SystemCoreClock
    delay.o(i.delay_init) refers to delay.o(.data) for fac_us
    delay.o(i.delay_ms) refers to delay.o(.data) for fac_ms
    delay.o(i.delay_us) refers to delay.o(.data) for fac_us
    usart.o(i.USART1_IRQHandler) refers (Special) to use_no_semi_2.o(.text) for __use_no_semihosting
    usart.o(i.USART1_IRQHandler) refers to stm32f10x_usart.o(i.USART_GetITStatus) for USART_GetITStatus
    usart.o(i.USART1_IRQHandler) refers to stm32f10x_usart.o(i.USART_ReceiveData) for USART_ReceiveData
    usart.o(i.USART1_IRQHandler) refers to usart.o(.data) for USART_RX_STA
    usart.o(i.USART1_IRQHandler) refers to usart.o(.bss) for USART_RX_BUF
    usart.o(i._sys_exit) refers (Special) to use_no_semi_2.o(.text) for __use_no_semihosting
    usart.o(i.fputc) refers (Special) to use_no_semi_2.o(.text) for __use_no_semihosting
    usart.o(i.uart_init) refers (Special) to use_no_semi_2.o(.text) for __use_no_semihosting
    usart.o(i.uart_init) refers to stm32f10x_rcc.o(i.RCC_APB2PeriphClockCmd) for RCC_APB2PeriphClockCmd
    usart.o(i.uart_init) refers to stm32f10x_gpio.o(i.GPIO_Init) for GPIO_Init
    usart.o(i.uart_init) refers to misc.o(i.NVIC_Init) for NVIC_Init
    usart.o(i.uart_init) refers to stm32f10x_usart.o(i.USART_Init) for USART_Init
    usart.o(i.uart_init) refers to stm32f10x_usart.o(i.USART_ITConfig) for USART_ITConfig
    usart.o(i.uart_init) refers to stm32f10x_usart.o(i.USART_Cmd) for USART_Cmd
    usart.o(.bss) refers (Special) to use_no_semi_2.o(.text) for __use_no_semihosting
    usart.o(.data) refers (Special) to use_no_semi_2.o(.text) for __use_no_semihosting
    startup_stm32f10x_hd.o(STACK) refers (Special) to heapauxi.o(.text) for __use_two_region_memory
    startup_stm32f10x_hd.o(HEAP) refers (Special) to heapauxi.o(.text) for __use_two_region_memory
    startup_stm32f10x_hd.o(RESET) refers (Special) to heapauxi.o(.text) for __use_two_region_memory
    startup_stm32f10x_hd.o(RESET) refers to startup_stm32f10x_hd.o(STACK) for __initial_sp
    startup_stm32f10x_hd.o(RESET) refers to startup_stm32f10x_hd.o(.text) for Reset_Handler
    startup_stm32f10x_hd.o(RESET) refers to stm32f10x_it.o(i.NMI_Handler) for NMI_Handler
    startup_stm32f10x_hd.o(RESET) refers to stm32f10x_it.o(i.HardFault_Handler) for HardFault_Handler
    startup_stm32f10x_hd.o(RESET) refers to stm32f10x_it.o(i.MemManage_Handler) for MemManage_Handler
    startup_stm32f10x_hd.o(RESET) refers to stm32f10x_it.o(i.BusFault_Handler) for BusFault_Handler
    startup_stm32f10x_hd.o(RESET) refers to stm32f10x_it.o(i.UsageFault_Handler) for UsageFault_Handler
    startup_stm32f10x_hd.o(RESET) refers to stm32f10x_it.o(i.SVC_Handler) for SVC_Handler
    startup_stm32f10x_hd.o(RESET) refers to stm32f10x_it.o(i.DebugMon_Handler) for DebugMon_Handler
    startup_stm32f10x_hd.o(RESET) refers to stm32f10x_it.o(i.PendSV_Handler) for PendSV_Handler
    startup_stm32f10x_hd.o(RESET) refers to stm32f10x_it.o(i.SysTick_Handler) for SysTick_Handler
[...]
    ../clib/heapalloc.c                      0x00000000   Number         0  hrguard.o ABSOLUTE
    ../clib/heapaux.c                        0x00000000   Number         0  heapauxi.o ABSOLUTE
    ../clib/libinit.s                        0x00000000   Number         0  libinit.o ABSOLUTE
    ../clib/libinit.s                        0x00000000   Number         0  libinit2.o ABSOLUTE
    ../clib/libinit.s                        0x00000000   Number         0  libshutdown2.o ABSOLUTE
    ../clib/libinit.s                        0x00000000   Number         0  libshutdown.o ABSOLUTE
    ../clib/memcpset.s                       0x00000000   Number         0  rt_memclr_w.o ABSOLUTE
    ../clib/memcpset.s                       0x00000000   Number         0  rt_memclr.o ABSOLUTE
    ../clib/signal.c                         0x00000000   Number         0  defsig_segv_inner.o ABSOLUTE
    ../clib/signal.c                         0x00000000   Number         0  defsig_rtred_inner.o ABSOLUTE
    ../clib/signal.c                         0x00000000   Number         0  defsig_stak_inner.o ABSOLUTE
    ../clib/signal.c                         0x00000000   Number         0  defsig_rtmem_formal.o ABSOLUTE
    ../clib/signal.c                         0x00000000   Number         0  defsig_fpe_inner.o ABSOLUTE
    ../clib/signal.c                         0x00000000   Number         0  defsig_exit.o ABSOLUTE
    ../clib/signal.c                         0x00000000   Number         0  defsig_rtmem_inner.o ABSOLUTE
    ../clib/signal.c                         0x00000000   Number         0  defsig_cppl_inner.o ABSOLUTE
    ../clib/signal.c                         0x00000000   Number         0  __raise.o ABSOLUTE
    ../clib/signal.c                         0x00000000   Number         0  defsig_pvfn_inner.o ABSOLUTE
    ../clib/signal.c                         0x00000000   Number         0  defsig_general.o ABSOLUTE
    ../clib/signal.c                         0x00000000   Number         0  defsig_other.o ABSOLUTE
    ../clib/signal.c                         0x00000000   Number         0  defsig_abrt_inner.o ABSOLUTE
    ../clib/signal.c                         0x00000000   Number         0  defsig_rtmem_outer.o ABSOLUTE
    ../clib/signal.s                         0x00000000   Number         0  defsig.o ABSOLUTE
    ../clib/stdlib.c                         0x00000000   Number         0  exit.o ABSOLUTE
    ../fplib/fpinit.s                        0x00000000   Number         0  fpinit.o ABSOLUTE
    ..\BSP\OLED\oled.c                       0x00000000   Number         0  oled.o ABSOLUTE
    ..\BSP\U8G2\mui.c                        0x00000000   Number         0  mui.o ABSOLUTE
    ..\BSP\U8G2\mui_u8g2.c                   0x00000000   Number         0  mui_u8g2.o ABSOLUTE
    ..\BSP\U8G2\u8g2_arc.c                   0x00000000   Number         0  u8g2_arc.o ABSOLUTE
    ..\BSP\U8G2\u8g2_bitmap.c                0x00000000   Number         0  u8g2_bitmap.o ABSOLUTE
    ..\BSP\U8G2\u8g2_box.c                   0x00000000   Number         0  u8g2_box.o ABSOLUTE
    ..\BSP\U8G2\u8g2_buffer.c                0x00000000   Number         0  u8g2_buffer.o ABSOLUTE
    ..\BSP\U8G2\u8g2_button.c                0x00000000   Number         0  u8g2_button.o ABSOLUTE
    ..\BSP\U8G2\u8g2_circle.c                0x00000000   Number         0  u8g2_circle.o ABSOLUTE
    ..\BSP\U8G2\u8g2_cleardisplay.c          0x00000000   Number         0  u8g2_cleardisplay.o ABSOLUTE
    ..\BSP\U8G2\u8g2_d_memory.c              0x00000000   Number         0  u8g2_d_memory.o ABSOLUTE
    ..\BSP\U8G2\u8g2_d_setup.c               0x00000000   Number         0  u8g2_d_setup.o ABSOLUTE
    ..\BSP\U8G2\u8g2_font.c                  0x00000000   Number         0  u8g2_font.o ABSOLUTE
    ..\BSP\U8G2\u8g2_fonts.c                 0x00000000   Number         0  u8g2_fonts.o ABSOLUTE
    ..\BSP\U8G2\u8g2_hvline.c                0x00000000   Number         0  u8g2_hvline.o ABSOLUTE
    ..\BSP\U8G2\u8g2_input_value.c           0x00000000   Number         0  u8g2_input_value.o ABSOLUTE
    ..\BSP\U8G2\u8g2_intersection.c          0x00000000   Number         0  u8g2_intersection.o ABSOLUTE
    ..\BSP\U8G2\u8g2_kerning.c               0x00000000   Number         0  u8g2_kerning.o ABSOLUTE
    ..\BSP\U8G2\u8g2_line.c                  0x00000000   Number         0  u8g2_line.o ABSOLUTE
    ..\BSP\U8G2\u8g2_ll_hvline.c             0x00000000   Number         0  u8g2_ll_hvline.o ABSOLUTE
    ..\BSP\U8G2\u8g2_message.c               0x00000000   Number         0  u8g2_message.o ABSOLUTE
    ..\BSP\U8G2\u8g2_polygon.c               0x00000000   Number         0  u8g2_polygon.o ABSOLUTE
    ..\BSP\U8G2\u8g2_selection_list.c        0x00000000   Number         0  u8g2_selection_list.o ABSOLUTE
    ..\BSP\U8G2\u8g2_setup.c                 0x00000000   Number         0  u8g2_setup.o ABSOLUTE
    ..\BSP\U8G2\u8log.c                      0x00000000   Number         0  u8log.o ABSOLUTE
    ..\BSP\U8G2\u8log_u8g2.c                 0x00000000   Number         0  u8log_u8g2.o ABSOLUTE
    ..\BSP\U8G2\u8log_u8x8.c                 0x00000000   Number         0  u8log_u8x8.o ABSOLUTE
    ..\BSP\U8G2\u8x8_8x8.c                   0x00000000   Number         0  u8x8_8x8.o ABSOLUTE
    ..\BSP\U8G2\u8x8_byte.c                  0x00000000   Number         0  u8x8_byte.o ABSOLUTE
    ..\BSP\U8G2\u8x8_cad.c                   0x00000000   Number         0  u8x8_cad.o ABSOLUTE
    ..\BSP\U8G2\u8x8_capture.c               0x00000000   Number         0  u8x8_capture.o ABSOLUTE
    ..\BSP\U8G2\u8x8_d_ssd1306_128x64_noname.c 0x00000000   Number         0  u8x8_d_ssd1306_128x64_noname.o ABSOLUTE
    ..\BSP\U8G2\u8x8_debounce.c              0x00000000   Number         0  u8x8_debounce.o ABSOLUTE
    ..\BSP\U8G2\u8x8_display.c               0x00000000   Number         0  u8x8_display.o ABSOLUTE
    ..\BSP\U8G2\u8x8_fonts.c                 0x00000000   Number         0  u8x8_fonts.o ABSOLUTE
    ..\BSP\U8G2\u8x8_gpio.c                  0x00000000   Number         0  u8x8_gpio.o ABSOLUTE
    ..\BSP\U8G2\u8x8_input_value.c           0x00000000   Number         0  u8x8_input_value.o ABSOLUTE
    ..\BSP\U8G2\u8x8_message.c               0x00000000   Number         0  u8x8_message.o ABSOLUTE
    ..\BSP\U8G2\u8x8_selection_list.c        0x00000000   Number         0  u8x8_selection_list.o ABSOLUTE
    ..\BSP\U8G2\u8x8_setup.c                 0x00000000   Number         0  u8x8_setup.o ABSOLUTE
    ..\BSP\U8G2\u8x8_string.c                0x00000000   Number         0  u8x8_string.o ABSOLUTE
    ..\BSP\U8G2\u8x8_u16toa.c                0x00000000   Number         0  u8x8_u16toa.o ABSOLUTE
    ..\BSP\U8G2\u8x8_u8toa.c                 0x00000000   Number         0  u8x8_u8toa.o ABSOLUTE
    ..\CORE\core_cm3.c                       0x00000000   Number         0  core_cm3.o ABSOLUTE
    ..\CORE\startup_stm32f10x_hd.s           0x00000000   Number         0  startup_stm32f10x_hd.o ABSOLUTE
    ..\STM32F10x_FWLib\src\misc.c            0x00000000   Number         0  misc.o ABSOLUTE
    ..\STM32F10x_FWLib\src\stm32f10x_adc.c   0x00000000   Number         0  stm32f10x_adc.o ABSOLUTE
    ..\STM32F10x_FWLib\src\stm32f10x_bkp.c   0x00000000   Number         0  stm32f10x_bkp.o ABSOLUTE
    ..\STM32F10x_FWLib\src\stm32f10x_can.c   0x00000000   Number         0  stm32f10x_can.o ABSOLUTE
    ..\STM32F10x_FWLib\src\stm32f10x_cec.c   0x00000000   Number         0  stm32f10x_cec.o ABSOLUTE
    ..\STM32F10x_FWLib\src\stm32f10x_crc.c   0x00000000   Number         0  stm32f10x_crc.o ABSOLUTE
    ..\STM32F10x_FWLib\src\stm32f10x_dac.c   0x00000000   Number         0  stm32f10x_dac.o ABSOLUTE
    ..\STM32F10x_FWLib\src\stm32f10x_dbgmcu.c 0x00000000   Number         0  stm32f10x_dbgmcu.o ABSOLUTE
    ..\STM32F10x_FWLib\src\stm32f10x_dma.c   0x00000000   Number         0  stm32f10x_dma.o ABSOLUTE
    ..\STM32F10x_FWLib\src\stm32f10x_exti.c  0x00000000   Number         0  stm32f10x_exti.o ABSOLUTE
    ..\STM32F10x_FWLib\src\stm32f10x_flash.c 0x00000000   Number         0  stm32f10x_flash.o ABSOLUTE
    ..\STM32F10x_FWLib\src\stm32f10x_fsmc.c  0x00000000   Number         0  stm32f10x_fsmc.o ABSOLUTE
    ..\STM32F10x_FWLib\src\stm32f10x_gpio.c  0x00000000   Number         0  stm32f10x_gpio.o ABSOLUTE
    ..\STM32F10x_FWLib\src\stm32f10x_i2c.c   0x00000000   Number         0  stm32f10x_i2c.o ABSOLUTE
    ..\STM32F10x_FWLib\src\stm32f10x_iwdg.c  0x00000000   Number         0  stm32f10x_iwdg.o ABSOLUTE
    ..\STM32F10x_FWLib\src\stm32f10x_pwr.c   0x00000000   Number         0  stm32f10x_pwr.o ABSOLUTE
    ..\STM32F10x_FWLib\src\stm32f10x_rcc.c   0x00000000   Number         0  stm32f10x_rcc.o ABSOLUTE
    ..\STM32F10x_FWLib\src\stm32f10x_rtc.c   0x00000000   Number         0  stm32f10x_rtc.o ABSOLUTE
    ..\STM32F10x_FWLib\src\stm32f10x_sdio.c  0x00000000   Number         0  stm32f10x_sdio.o ABSOLUTE
    ..\STM32F10x_FWLib\src\stm32f10x_spi.c   0x00000000   Number         0  stm32f10x_spi.o ABSOLUTE
    ..\STM32F10x_FWLib\src\stm32f10x_tim.c   0x00000000   Number         0  stm32f10x_tim.o ABSOLUTE
    ..\STM32F10x_FWLib\src\stm32f10x_usart.c 0x00000000   Number         0  stm32f10x_usart.o ABSOLUTE
    ..\STM32F10x_FWLib\src\stm32f10x_wwdg.c  0x00000000   Number         0  stm32f10x_wwdg.o ABSOLUTE
    ..\SYSTEM\delay\delay.c                  0x00000000   Number         0  delay.o ABSOLUTE
    ..\SYSTEM\sys\sys.c                      0x00000000   Number         0  sys.o ABSOLUTE
    ..\SYSTEM\usart\usart.c                  0x00000000   Number         0  usart.o ABSOLUTE
    ..\\CORE\\core_cm3.c                     0x00000000   Number         0  core_cm3.o ABSOLUTE
    ..\\SYSTEM\\sys\\sys.c                   0x00000000   Number         0  sys.o ABSOLUTE
    dc.s                                     0x00000000   Number         0  dc.o ABSOLUTE
    main.c                                   0x00000000   Number         0  main.o ABSOLUTE
    stm32f10x_it.c                           0x00000000   Number         0  stm32f10x_it.o ABSOLUTE
    system_stm32f10x.c                       0x00000000   Number         0  system_stm32f10x.o ABSOLUTE
    RESET                                    0x08000000   Section      304  startup_stm32f10x_hd.o(RESET)
    !!!main                                  0x08000130   Section        8  __main.o(!!!main)
    !!!scatter                               0x08000138   Section       52  __scatter.o(!!!scatter)
    !!handler_copy                           0x0800016c   Section       26  __scatter_copy.o(!!handler_copy)
    !!handler_zi                             0x08000188   Section       28  __scatter_zi.o(!!handler_zi)
    .ARM.Collect$$libinit$$00000000          0x080001a4   Section        2  libinit.o(.ARM.Collect$$libinit$$00000000)
    .ARM.Collect$$libinit$$00000002          0x080001a6   Section        0  libinit2.o(.ARM.Collect$$libinit$$00000002)
    .ARM.Collect$$libinit$$00000004          0x080001a6   Section        0  libinit2.o(.ARM.Collect$$libinit$$00000004)
    .ARM.Collect$$libinit$$0000000A          0x080001a6   Section        0  libinit2.o(.ARM.Collect$$libinit$$0000000A)
    .ARM.Collect$$libinit$$0000000C          0x080001a6   Section        0  libinit2.o(.ARM.Collect$$libinit$$0000000C)
    .ARM.Collect$$libinit$$0000000E          0x080001a6   Section        0  libinit2.o(.ARM.Collect$$libinit$$0000000E)
    .ARM.Collect$$libinit$$00000011          0x080001a6   Section        0  libinit2.o(.ARM.Collect$$libinit$$00000011)
    .ARM.Collect$$libinit$$00000013          0x080001a6   Section        0  libinit2.o(.ARM.Collect$$libinit$$00000013)
    .ARM.Collect$$libinit$$00000015          0x080001a6   Section        0  libinit2.o(.ARM.Collect$$libinit$$00000015)
    .ARM.Collect$$libinit$$00000017          0x080001a6   Section        0  libinit2.o(.ARM.Collect$$libinit$$00000017)
    .ARM.Collect$$libinit$$00000019          0x080001a6   Section        0  libinit2.o(.ARM.Collect$$libinit$$00000019)
    .ARM.Collect$$libinit$$0000001B          0x080001a6   Section        0  libinit2.o(.ARM.Collect$$libinit$$0000001B)
    .ARM.Collect$$libinit$$0000001D          0x080001a6   Section        0  libinit2.o(.ARM.Collect$$libinit$$0000001D)
    .ARM.Collect$$libinit$$0000001F          0x080001a6   Section        0  libinit2.o(.ARM.Collect$$libinit$$0000001F)
    .ARM.Collect$$libinit$$00000021          0x080001a6   Section        0  libinit2.o(.ARM.Collect$$libinit$$00000021)
    .ARM.Collect$$libinit$$00000023          0x080001a6   Section        0  libinit2.o(.ARM.Collect$$libinit$$00000023)
    .ARM.Collect$$libinit$$00000025          0x080001a6   Section        0  libinit2.o(.ARM.Collect$$libinit$$00000025)
    .ARM.Collect$$libinit$$0000002C          0x080001a6   Section        0  libinit2.o(.ARM.Collect$$libinit$$0000002C)
    .ARM.Collect$$libinit$$0000002E          0x080001a6   Section        0  libinit2.o(.ARM.Collect$$libinit$$0000002E)
    .ARM.Collect$$libinit$$00000030          0x080001a6   Section        0  libinit2.o(.ARM.Collect$$libinit$$00000030)
    .ARM.Collect$$libinit$$00000032          0x080001a6   Section        0  libinit2.o(.ARM.Collect$$libinit$$00000032)
    .ARM.Collect$$libinit$$00000033          0x080001a6   Section        2  libinit2.o(.ARM.Collect$$libinit$$00000033)
    .ARM.Collect$$libshutdown$$00000000      0x080001a8   Section        2  libshutdown.o(.ARM.Collect$$libshutdown$$00000000)
    .ARM.Collect$$libshutdown$$00000002      0x080001aa   Section        0  libshutdown2.o(.ARM.Collect$$libshutdown$$00000002)
    .ARM.Collect$$libshutdown$$00000004      0x080001aa   Section        0  libshutdown2.o(.ARM.Collect$$libshutdown$$00000004)
    .ARM.Collect$$libshutdown$$00000007      0x080001aa   Section        0  libshutdown2.o(.ARM.Collect$$libshutdown$$00000007)
    .ARM.Collect$$libshutdown$$0000000A      0x080001aa   Section        0  libshutdown2.o(.ARM.Collect$$libshutdown$$0000000A)
    .ARM.Collect$$libshutdown$$0000000C      0x080001aa   Section        0  libshutdown2.o(.ARM.Collect$$libshutdown$$0000000C)
    .ARM.Collect$$libshutdown$$0000000F      0x080001aa   Section        0  libshutdown2.o(.ARM.Collect$$libshutdown$$0000000F)
    .ARM.Collect$$libshutdown$$00000010      0x080001aa   Section        2  libshutdown2.o(.ARM.Collect$$libshutdown$$00000010)
    .ARM.Collect$$rtentry$$00000000          0x080001ac   Section        0  __rtentry.o(.ARM.Collect$$rtentry$$00000000)
    .ARM.Collect$$rtentry$$00000002          0x080001ac   Section        0  __rtentry2.o(.ARM.Collect$$rtentry$$00000002)
    .ARM.Collect$$rtentry$$00000004          0x080001ac   Section        6  __rtentry4.o(.ARM.Collect$$rtentry$$00000004)
    .ARM.Collect$$rtentry$$00000009          0x080001b2   Section        0  __rtentry2.o(.ARM.Collect$$rtentry$$00000009)
    .ARM.Collect$$rtentry$$0000000A          0x080001b2   Section        4  __rtentry2.o(.ARM.Collect$$rtentry$$0000000A)
    .ARM.Collect$$rtentry$$0000000C          0x080001b6   Section        0  __rtentry2.o(.ARM.Collect$$rtentry$$0000000C)
    .ARM.Collect$$rtentry$$0000000D          0x080001b6   Section        8  __rtentry2.o(.ARM.Collect$$rtentry$$0000000D)
    .ARM.Collect$$rtexit$$00000000           0x080001be   Section        2  rtexit.o(.ARM.Collect$$rtexit$$00000000)
    .ARM.Collect$$rtexit$$00000002           0x080001c0   Section        0  rtexit2.o(.ARM.Collect$$rtexit$$00000002)
    .ARM.Collect$$rtexit$$00000003           0x080001c0   Section        4  rtexit2.o(.ARM.Collect$$rtexit$$00000003)
    .ARM.Collect$$rtexit$$00000004           0x080001c4   Section        6  rtexit2.o(.ARM.Collect$$rtexit$$00000004)
    .text                                    0x080001cc   Section       64  startup_stm32f10x_hd.o(.text)
    .text                                    0x0800020c   Section        2  use_no_semi_2.o(.text)
    .text                                    0x0800020e   Section       68  rt_memclr.o(.text)
    .text                                    0x08000252   Section       78  rt_memclr_w.o(.text)
    .text                                    0x080002a0   Section        0  heapauxi.o(.text)
    .text                                    0x080002a6   Section        2  use_no_semi.o(.text)
    .text                                    0x080002a8   Section       74  sys_stackheap_outer.o(.text)
    .text                                    0x080002f2   Section        0  exit.o(.text)
    .text                                    0x08000304   Section        8  libspace.o(.text)
    i.BusFault_Handler                       0x0800030c   Section        0  stm32f10x_it.o(i.BusFault_Handler)
    i.DebugMon_Handler                       0x08000310   Section        0  stm32f10x_it.o(i.DebugMon_Handler)
    i.Delay                                  0x08000312   Section        0  main.o(i.Delay)
    i.GPIO_Init                              0x0800031e   Section        0  stm32f10x_gpio.o(i.GPIO_Init)
    i.GPIO_ResetBits                         0x08000434   Section        0  stm32f10x_gpio.o(i.GPIO_ResetBits)
    i.GPIO_SetBits                           0x08000438   Section        0  stm32f10x_gpio.o(i.GPIO_SetBits)
    i.HardFault_Handler                      0x0800043c   Section        0  stm32f10x_it.o(i.HardFault_Handler)
    i.MemManage_Handler                      0x08000440   Section        0  stm32f10x_it.o(i.MemManage_Handler)
    i.NMI_Handler                            0x08000444   Section        0  stm32f10x_it.o(i.NMI_Handler)
    i.OLED_Init                              0x08000448   Section        0  oled.o(i.OLED_Init)
    OLED_Init                                0x08000449   Thumb Code    38  oled.o(i.OLED_Init)
    i.PendSV_Handler                         0x08000474   Section        0  stm32f10x_it.o(i.PendSV_Handler)
    i.RCC_APB2PeriphClockCmd                 0x08000478   Section        0  stm32f10x_rcc.o(i.RCC_APB2PeriphClockCmd)
    i.SVC_Handler                            0x08000498   Section        0  stm32f10x_it.o(i.SVC_Handler)
    i.SetSysClock                            0x0800049a   Section        0  system_stm32f10x.o(i.SetSysClock)
    SetSysClock                              0x0800049b   Thumb Code     8  system_stm32f10x.o(i.SetSysClock)
    i.SetSysClockTo72                        0x080004a4   Section        0  system_stm32f10x.o(i.SetSysClockTo72)
    SetSysClockTo72                          0x080004a5   Thumb Code   214  system_stm32f10x.o(i.SetSysClockTo72)
    i.SysTick_CLKSourceConfig                0x08000584   Section        0  misc.o(i.SysTick_CLKSourceConfig)
    i.SysTick_Handler                        0x080005ac   Section        0  stm32f10x_it.o(i.SysTick_Handler)
    i.SystemInit                             0x080005b0   Section        0  system_stm32f10x.o(i.SystemInit)
    i.USART1_IRQHandler                      0x08000610   Section        0  usart.o(i.USART1_IRQHandler)
    i.USART_GetITStatus                      0x08000698   Section        0  stm32f10x_usart.o(i.USART_GetITStatus)
    i.USART_ReceiveData                      0x080006ec   Section        0  stm32f10x_usart.o(i.USART_ReceiveData)
    i.UsageFault_Handler                     0x080006f6   Section        0  stm32f10x_it.o(i.UsageFault_Handler)
    i._sys_exit                              0x080006fa   Section        0  usart.o(i._sys_exit)
    i.delay_init                             0x08000700   Section        0  delay.o(i.delay_init)
    i.delay_ms                               0x08000744   Section        0  delay.o(i.delay_ms)
    i.delay_us                               0x08000790   Section        0  delay.o(i.delay_us)
    i.i2c_clear_scl                          0x080007dc   Section        0  u8x8_byte.o(i.i2c_clear_scl)
    i2c_clear_scl                            0x080007dd   Thumb Code    16  u8x8_byte.o(i.i2c_clear_scl)
    i.i2c_clear_sda                          0x080007ec   Section        0  u8x8_byte.o(i.i2c_clear_sda)
    i2c_clear_sda                            0x080007ed   Thumb Code    16  u8x8_byte.o(i.i2c_clear_sda)
    i.i2c_delay                              0x080007fc   Section        0  u8x8_byte.o(i.i2c_delay)
    i2c_delay                                0x080007fd   Thumb Code    18  u8x8_byte.o(i.i2c_delay)
    i.i2c_init                               0x0800080e   Section        0  u8x8_byte.o(i.i2c_init)
    i2c_init                                 0x0800080f   Thumb Code    32  u8x8_byte.o(i.i2c_init)
    i.i2c_read_bit                           0x0800082e   Section        0  u8x8_byte.o(i.i2c_read_bit)
    i2c_read_bit                             0x0800082f   Thumb Code    42  u8x8_byte.o(i.i2c_read_bit)
    i.i2c_read_scl_and_delay                 0x08000858   Section        0  u8x8_byte.o(i.i2c_read_scl_and_delay)
    i2c_read_scl_and_delay                   0x08000859   Thumb Code    22  u8x8_byte.o(i.i2c_read_scl_and_delay)
    i.i2c_read_sda                           0x0800086e   Section        0  u8x8_byte.o(i.i2c_read_sda)
    i2c_read_sda                             0x0800086f   Thumb Code    16  u8x8_byte.o(i.i2c_read_sda)
    i.i2c_start                              0x0800087e   Section        0  u8x8_byte.o(i.i2c_start)
    i2c_start                                0x0800087f   Thumb Code    60  u8x8_byte.o(i.i2c_start)
    i.i2c_stop                               0x080008ba   Section        0  u8x8_byte.o(i.i2c_stop)
    i2c_stop                                 0x080008bb   Thumb Code    42  u8x8_byte.o(i.i2c_stop)
    i.i2c_write_bit                          0x080008e4   Section        0  u8x8_byte.o(i.i2c_write_bit)
    i2c_write_bit                            0x080008e5   Thumb Code    42  u8x8_byte.o(i.i2c_write_bit)
    i.i2c_write_byte                         0x0800090e   Section        0  u8x8_byte.o(i.i2c_write_byte)
    i2c_write_byte                           0x0800090f   Thumb Code    94  u8x8_byte.o(i.i2c_write_byte)
    i.main                                   0x0800096c   Section        0  main.o(i.main)
    i.u8g2_ClearBuffer                       0x08000aec   Section        0  u8g2_buffer.o(i.u8g2_ClearBuffer)
    i.u8g2_DrawGlyph                         0x08000b06   Section        0  u8g2_font.o(i.u8g2_DrawGlyph)
    i.u8g2_DrawHLine                         0x08000b68   Section        0  u8g2_hvline.o(i.u8g2_DrawHLine)
    i.u8g2_DrawHVLine                        0x08000b84   Section        0  u8g2_hvline.o(i.u8g2_DrawHVLine)
    i.u8g2_DrawStr                           0x08000c60   Section        0  u8g2_font.o(i.u8g2_DrawStr)
    i.u8g2_DrawVLine                         0x08000c84   Section        0  u8g2_hvline.o(i.u8g2_DrawVLine)
    i.u8g2_FirstPage                         0x08000ca0   Section        0  u8g2_buffer.o(i.u8g2_FirstPage)
    i.u8g2_Init                              0x08000cbc   Section        0  oled.o(i.u8g2_Init)
    i.u8g2_IsIntersection                    0x08000cf0   Section        0  u8g2_intersection.o(i.u8g2_IsIntersection)
    i.u8g2_NextPage                          0x08000d2a   Section        0  u8g2_buffer.o(i.u8g2_NextPage)
    i.u8g2_SetBufferCurrTileRow              0x08000d6a   Section        0  u8g2_buffer.o(i.u8g2_SetBufferCurrTileRow)
    i.u8g2_SetFont                           0x08000d86   Section        0  u8g2_font.o(i.u8g2_SetFont)
    i.u8g2_SetFontDirection                  0x08000da6   Section        0  u8g2_font.o(i.u8g2_SetFontDirection)
    i.u8g2_SetFontMode                       0x08000dac   Section        0  u8g2_font.o(i.u8g2_SetFontMode)
    i.u8g2_SetFontPosBaseline                0x08000db4   Section        0  u8g2_font.o(i.u8g2_SetFontPosBaseline)
    i.u8g2_SetMaxClipWindow                  0x08000dc0   Section        0  u8g2_setup.o(i.u8g2_SetMaxClipWindow)
    i.u8g2_SetupBuffer                       0x08000de0   Section        0  u8g2_setup.o(i.u8g2_SetupBuffer)
    i.u8g2_Setup_ssd1306_i2c_128x64_noname_f 0x08000e3c   Section        0  u8g2_d_setup.o(i.u8g2_Setup_ssd1306_i2c_128x64_noname_f)
    i.u8g2_UpdateRefHeight                   0x08000e80   Section        0  u8g2_font.o(i.u8g2_UpdateRefHeight)
    i.u8g2_add_vector_x                      0x08000f08   Section        0  u8g2_font.o(i.u8g2_add_vector_x)
    i.u8g2_add_vector_y                      0x08000f32   Section        0  u8g2_font.o(i.u8g2_add_vector_y)
    i.u8g2_apply_clip_window                 0x08000f5c   Section        0  u8g2_setup.o(i.u8g2_apply_clip_window)
    u8g2_apply_clip_window                   0x08000f5d   Thumb Code   122  u8g2_setup.o(i.u8g2_apply_clip_window)
    i.u8g2_clip_intersection2                0x08000fd6   Section        0  u8g2_hvline.o(i.u8g2_clip_intersection2)
    u8g2_clip_intersection2                  0x08000fd7   Thumb Code    76  u8g2_hvline.o(i.u8g2_clip_intersection2)
    i.u8g2_draw_hv_line_2dir                 0x08001022   Section        0  u8g2_hvline.o(i.u8g2_draw_hv_line_2dir)
    i.u8g2_draw_l90_mirrorr_r0               0x0800104e   Section        0  u8g2_setup.o(i.u8g2_draw_l90_mirrorr_r0)
    i.u8g2_draw_l90_r0                       0x0800108a   Section        0  u8g2_setup.o(i.u8g2_draw_l90_r0)
    i.u8g2_draw_l90_r1                       0x080010ae   Section        0  u8g2_setup.o(i.u8g2_draw_l90_r1)
    i.u8g2_draw_l90_r2                       0x080010f2   Section        0  u8g2_setup.o(i.u8g2_draw_l90_r2)
    i.u8g2_draw_l90_r3                       0x08001148   Section        0  u8g2_setup.o(i.u8g2_draw_l90_r3)
    i.u8g2_draw_mirror_vertical_r0           0x08001198   Section        0  u8g2_setup.o(i.u8g2_draw_mirror_vertical_r0)
    i.u8g2_draw_string                       0x080011d4   Section        0  u8g2_font.o(i.u8g2_draw_string)
    u8g2_draw_string                         0x080011d5   Thumb Code   144  u8g2_font.o(i.u8g2_draw_string)
    i.u8g2_font_calc_vref_font               0x08001264   Section        0  u8g2_font.o(i.u8g2_font_calc_vref_font)
    i.u8g2_font_decode_get_signed_bits       0x0800126a   Section        0  u8g2_font.o(i.u8g2_font_decode_get_signed_bits)
    i.u8g2_font_decode_get_unsigned_bits     0x0800128e   Section        0  u8g2_font.o(i.u8g2_font_decode_get_unsigned_bits)
    i.u8g2_font_decode_glyph                 0x080012d0   Section        0  u8g2_font.o(i.u8g2_font_decode_glyph)
    i.u8g2_font_decode_len                   0x08001452   Section        0  u8g2_font.o(i.u8g2_font_decode_len)
    i.u8g2_font_draw_glyph                   0x08001502   Section        0  u8g2_font.o(i.u8g2_font_draw_glyph)
    u8g2_font_draw_glyph                     0x08001503   Thumb Code    58  u8g2_font.o(i.u8g2_font_draw_glyph)
    i.u8g2_font_get_byte                     0x0800153c   Section        0  u8g2_font.o(i.u8g2_font_get_byte)
    u8g2_font_get_byte                       0x0800153d   Thumb Code     8  u8g2_font.o(i.u8g2_font_get_byte)
    i.u8g2_font_get_glyph_data               0x08001544   Section        0  u8g2_font.o(i.u8g2_font_get_glyph_data)
    i.u8g2_font_get_word                     0x080015d6   Section        0  u8g2_font.o(i.u8g2_font_get_word)
    u8g2_font_get_word                       0x080015d7   Thumb Code    24  u8g2_font.o(i.u8g2_font_get_word)
    i.u8g2_font_setup_decode                 0x080015ee   Section        0  u8g2_font.o(i.u8g2_font_setup_decode)
    u8g2_font_setup_decode                   0x080015ef   Thumb Code    64  u8g2_font.o(i.u8g2_font_setup_decode)
    i.u8g2_is_intersection_decision_tree     0x0800162e   Section        0  u8g2_intersection.o(i.u8g2_is_intersection_decision_tree)
    i.u8g2_ll_hvline_vertical_top_lsb        0x0800165e   Section        0  u8g2_ll_hvline.o(i.u8g2_ll_hvline_vertical_top_lsb)
    i.u8g2_m_16_8_f                          0x0800174c   Section        0  u8g2_d_memory.o(i.u8g2_m_16_8_f)
    i.u8g2_read_font_info                    0x0800175c   Section        0  u8g2_font.o(i.u8g2_read_font_info)
    i.u8g2_send_buffer                       0x0800183c   Section        0  u8g2_buffer.o(i.u8g2_send_buffer)
    u8g2_send_buffer                         0x0800183d   Thumb Code    54  u8g2_buffer.o(i.u8g2_send_buffer)
    i.u8g2_send_tile_row                     0x08001872   Section        0  u8g2_buffer.o(i.u8g2_send_tile_row)
    u8g2_send_tile_row                       0x08001873   Thumb Code    54  u8g2_buffer.o(i.u8g2_send_tile_row)
    i.u8g2_update_dimension_common           0x080018a8   Section        0  u8g2_setup.o(i.u8g2_update_dimension_common)
    u8g2_update_dimension_common             0x080018a9   Thumb Code    96  u8g2_setup.o(i.u8g2_update_dimension_common)
    i.u8g2_update_dimension_r0               0x08001908   Section        0  u8g2_setup.o(i.u8g2_update_dimension_r0)
    i.u8g2_update_dimension_r1               0x08001914   Section        0  u8g2_setup.o(i.u8g2_update_dimension_r1)
    i.u8g2_update_dimension_r2               0x08001930   Section        0  u8g2_setup.o(i.u8g2_update_dimension_r2)
    i.u8g2_update_dimension_r3               0x0800193c   Section        0  u8g2_setup.o(i.u8g2_update_dimension_r3)
    i.u8g2_update_page_win_r0                0x08001958   Section        0  u8g2_setup.o(i.u8g2_update_page_win_r0)
    i.u8g2_update_page_win_r1                0x08001978   Section        0  u8g2_setup.o(i.u8g2_update_page_win_r1)
    i.u8g2_update_page_win_r2                0x08001998   Section        0  u8g2_setup.o(i.u8g2_update_page_win_r2)
    i.u8g2_update_page_win_r3                0x080019d4   Section        0  u8g2_setup.o(i.u8g2_update_page_win_r3)
    i.u8x8_DrawTile                          0x08001a10   Section        0  u8x8_display.o(i.u8x8_DrawTile)
    i.u8x8_InitDisplay                       0x08001a42   Section        0  u8x8_display.o(i.u8x8_InitDisplay)
    i.u8x8_RefreshDisplay                    0x08001a54   Section        0  u8x8_display.o(i.u8x8_RefreshDisplay)
    i.u8x8_SetPowerSave                      0x08001a66   Section        0  u8x8_display.o(i.u8x8_SetPowerSave)
    i.u8x8_Setup                             0x08001a7a   Section        0  u8x8_setup.o(i.u8x8_Setup)
    i.u8x8_SetupDefaults                     0x08001aa4   Section        0  u8x8_setup.o(i.u8x8_SetupDefaults)
    i.u8x8_SetupMemory                       0x08001ad0   Section        0  u8x8_display.o(i.u8x8_SetupMemory)
    i.u8x8_ascii_next                        0x08001ae2   Section        0  u8x8_8x8.o(i.u8x8_ascii_next)
    i.u8x8_byte_EndTransfer                  0x08001af4   Section        0  u8x8_byte.o(i.u8x8_byte_EndTransfer)
    i.u8x8_byte_SendByte                     0x08001b06   Section        0  u8x8_byte.o(i.u8x8_byte_SendByte)
    i.u8x8_byte_SendBytes                    0x08001b16   Section        0  u8x8_byte.o(i.u8x8_byte_SendBytes)
    i.u8x8_byte_StartTransfer                0x08001b30   Section        0  u8x8_byte.o(i.u8x8_byte_StartTransfer)
    i.u8x8_byte_sw_i2c                       0x08001b42   Section        0  u8x8_byte.o(i.u8x8_byte_sw_i2c)
    i.u8x8_cad_EndTransfer                   0x08001bb0   Section        0  u8x8_cad.o(i.u8x8_cad_EndTransfer)
    i.u8x8_cad_SendArg                       0x08001bc2   Section        0  u8x8_cad.o(i.u8x8_cad_SendArg)
    i.u8x8_cad_SendCmd                       0x08001bd6   Section        0  u8x8_cad.o(i.u8x8_cad_SendCmd)
    i.u8x8_cad_SendData                      0x08001bea   Section        0  u8x8_cad.o(i.u8x8_cad_SendData)
    i.u8x8_cad_SendSequence                  0x08001c04   Section        0  u8x8_cad.o(i.u8x8_cad_SendSequence)
    i.u8x8_cad_StartTransfer                 0x08001c80   Section        0  u8x8_cad.o(i.u8x8_cad_StartTransfer)
    i.u8x8_cad_ssd13xx_fast_i2c              0x08001c94   Section        0  u8x8_cad.o(i.u8x8_cad_ssd13xx_fast_i2c)
    i.u8x8_d_helper_display_init             0x08001d68   Section        0  u8x8_display.o(i.u8x8_d_helper_display_init)
    i.u8x8_d_helper_display_setup_memory     0x08001dc8   Section        0  u8x8_display.o(i.u8x8_d_helper_display_setup_memory)
    i.u8x8_d_ssd1306_128x64_noname           0x08001dd4   Section        0  u8x8_d_ssd1306_128x64_noname.o(i.u8x8_d_ssd1306_128x64_noname)
    i.u8x8_d_ssd1306_sh1106_generic          0x08001e28   Section        0  u8x8_d_ssd1306_128x64_noname.o(i.u8x8_d_ssd1306_sh1106_generic)
    u8x8_d_ssd1306_sh1106_generic            0x08001e29   Thumb Code   242  u8x8_d_ssd1306_128x64_noname.o(i.u8x8_d_ssd1306_sh1106_generic)
    i.u8x8_dummy_cb                          0x08001f2c   Section        0  u8x8_setup.o(i.u8x8_dummy_cb)
    i.u8x8_gpio_and_delay_stm32l0            0x08001f34   Section        0  oled.o(i.u8x8_gpio_and_delay_stm32l0)
    i.u8x8_gpio_call                         0x08001fcc   Section        0  u8x8_gpio.o(i.u8x8_gpio_call)
    i.u8x8_i2c_data_transfer                 0x08001fe6   Section        0  u8x8_cad.o(i.u8x8_i2c_data_transfer)
    u8x8_i2c_data_transfer                   0x08001fe7   Thumb Code    46  u8x8_cad.o(i.u8x8_i2c_data_transfer)
    i.u8x8_utf8_init                         0x08002014   Section        0  u8x8_8x8.o(i.u8x8_utf8_init)
    .constdata                               0x0800201c   Section       72  u8g2_setup.o(.constdata)
    .constdata                               0x08002064   Section      344  u8x8_d_ssd1306_128x64_noname.o(.constdata)
    u8x8_d_ssd1306_128x64_noname_init_seq    0x08002064   Data          53  u8x8_d_ssd1306_128x64_noname.o(.constdata)
    u8x8_d_ssd1306_128x64_vcomh0_init_seq    0x08002099   Data          53  u8x8_d_ssd1306_128x64_noname.o(.constdata)
    u8x8_d_ssd1306_128x64_alt0_init_seq      0x080020ce   Data          53  u8x8_d_ssd1306_128x64_noname.o(.constdata)
    u8x8_d_sh1106_128x64_winstar_init_seq    0x08002103   Data          45  u8x8_d_ssd1306_128x64_noname.o(.constdata)
    u8x8_d_ssd1312_128x64_noname_init_seq    0x08002130   Data          53  u8x8_d_ssd1306_128x64_noname.o(.constdata)
    u8x8_d_ssd1306_128x64_noname_powersave0_seq 0x08002165   Data           5  u8x8_d_ssd1306_128x64_noname.o(.constdata)
    u8x8_d_ssd1306_128x64_noname_powersave1_seq 0x0800216a   Data           5  u8x8_d_ssd1306_128x64_noname.o(.constdata)
    u8x8_d_ssd1306_128x64_noname_flip0_seq   0x0800216f   Data           7  u8x8_d_ssd1306_128x64_noname.o(.constdata)
    u8x8_d_ssd1306_128x64_noname_flip1_seq   0x08002176   Data           7  u8x8_d_ssd1306_128x64_noname.o(.constdata)
    u8x8_d_ssd1312_128x64_noname_flip0_seq   0x0800217d   Data           7  u8x8_d_ssd1306_128x64_noname.o(.constdata)
    u8x8_d_ssd1312_128x64_noname_flip1_seq   0x08002184   Data           7  u8x8_d_ssd1306_128x64_noname.o(.constdata)
    u8x8_ssd1306_128x64_noname_display_info  0x0800218c   Data          24  u8x8_d_ssd1306_128x64_noname.o(.constdata)
    u8x8_sh1106_128x64_noname_display_info   0x080021a4   Data          24  u8x8_d_ssd1306_128x64_noname.o(.constdata)
    .constdata                               0x080021bc   Section    11156  u8g2_fonts.o(.constdata)
    .data                                    0x20000000   Section       20  system_stm32f10x.o(.data)
    .data                                    0x20000014   Section        4  delay.o(.data)
    fac_us                                   0x20000014   Data           1  delay.o(.data)
    fac_ms                                   0x20000016   Data           2  delay.o(.data)
    .data                                    0x20000018   Section        6  usart.o(.data)
    .data                                    0x2000001e   Section        6  u8x8_cad.o(.data)
    in_transfer                              0x2000001e   Data           1  u8x8_cad.o(.data)
    in_transfer                              0x2000001f   Data           1  u8x8_cad.o(.data)
    in_transfer                              0x20000020   Data           1  u8x8_cad.o(.data)
    is_data                                  0x20000021   Data           1  u8x8_cad.o(.data)
    in_transfer                              0x20000022   Data           1  u8x8_cad.o(.data)
    is_data                                  0x20000023   Data           1  u8x8_cad.o(.data)
    .bss                                     0x20000024   Section      148  main.o(.bss)
    .bss                                     0x200000b8   Section      200  usart.o(.bss)
    .bss                                     0x20000180   Section     1024  u8g2_d_memory.o(.bss)
    buf                                      0x20000180   Data        1024  u8g2_d_memory.o(.bss)
    .bss                                     0x20000580   Section       96  libspace.o(.bss)
    HEAP                                     0x200005e0   Section      512  startup_stm32f10x_hd.o(HEAP)
    Heap_Mem                                 0x200005e0   Data         512  startup_stm32f10x_hd.o(HEAP)
    STACK                                    0x200007e0   Section     1024  startup_stm32f10x_hd.o(STACK)
    Stack_Mem                                0x200007e0   Data        1024  startup_stm32f10x_hd.o(STACK)
    __initial_sp                             0x20000be0   Data           0  startup_stm32f10x_hd.o(STACK)

    Global Symbols

    Symbol Name                              Value     Ov Type        Size  Object(Section)

    BuildAttributes$$THM_ISAv4$P$D$K$B$S$PE$A:L22UL41UL21$X:L11$S22US41US21$IEEE1$IW$USESV6$~STKCKD$USESV7$~SHL$OSPACE$ROPI$EBA8$UX$STANDARDLIB$REQ8$PRES8$EABIv2 0x00000000   Number         0  anon$$obj.o ABSOLUTE
    __ARM_use_no_argv                        0x00000000   Number         0  main.o ABSOLUTE
    __ARM_exceptions_init                     - Undefined Weak Reference
    __alloca_initialize                       - Undefined Weak Reference
    __arm_preinit_                            - Undefined Weak Reference
    __cpp_initialize__aeabi_                  - Undefined Weak Reference
    __cxa_finalize                            - Undefined Weak Reference
    __rt_locale                               - Undefined Weak Reference
    __sigvec_lookup                           - Undefined Weak Reference
    _atexit_init                              - Undefined Weak Reference
    _call_atexit_fns                          - Undefined Weak Reference
    _clock_init                               - Undefined Weak Reference
    _fp_trap_init                             - Undefined Weak Reference
    _fp_trap_shutdown                         - Undefined Weak Reference
    _get_lc_collate                           - Undefined Weak Reference
    _get_lc_ctype                             - Undefined Weak Reference
    _get_lc_monetary                          - Undefined Weak Reference
    _get_lc_numeric                           - Undefined Weak Reference
    _get_lc_time                              - Undefined Weak Reference
    _getenv_init                              - Undefined Weak Reference
    _handle_redirection                       - Undefined Weak Reference
    _init_alloc                               - Undefined Weak Reference
    _init_user_alloc                          - Undefined Weak Reference
    _initio                                   - Undefined Weak Reference
    _rand_init                                - Undefined Weak Reference
    _signal_finish                            - Undefined Weak Reference
    _signal_init                              - Undefined Weak Reference
    _terminate_alloc                          - Undefined Weak Reference
    _terminate_user_alloc                     - Undefined Weak Reference
    _terminateio                              - Undefined Weak Reference
    __Vectors_Size                           0x00000130   Number         0  startup_stm32f10x_hd.o ABSOLUTE
    __Vectors                                0x08000000   Data           4  startup_stm32f10x_hd.o(RESET)
    __Vectors_End                            0x08000130   Data           0  startup_stm32f10x_hd.o(RESET)
    __main                                   0x08000131   Thumb Code     8  __main.o(!!!main)
    __scatterload                            0x08000139   Thumb Code     0  __scatter.o(!!!scatter)
    __scatterload_rt2                        0x08000139   Thumb Code    44  __scatter.o(!!!scatter)
    __scatterload_rt2_thumb_only             0x08000139   Thumb Code     0  __scatter.o(!!!scatter)
    __scatterload_null                       0x08000147   Thumb Code     0  __scatter.o(!!!scatter)
    __scatterload_copy                       0x0800016d   Thumb Code    26  __scatter_copy.o(!!handler_copy)
    __scatterload_zeroinit                   0x08000189   Thumb Code    28  __scatter_zi.o(!!handler_zi)
    __rt_lib_init                            0x080001a5   Thumb Code     0  libinit.o(.ARM.Collect$$libinit$$00000000)
    __rt_lib_init_alloca_1                   0x080001a7   Thumb Code     0  libinit2.o(.ARM.Collect$$libinit$$0000002E)
    __rt_lib_init_argv_1                     0x080001a7   Thumb Code     0  libinit2.o(.ARM.Collect$$libinit$$0000002C)
    __rt_lib_init_atexit_1                   0x080001a7   Thumb Code     0  libinit2.o(.ARM.Collect$$libinit$$0000001B)
    __rt_lib_init_clock_1                    0x080001a7   Thumb Code     0  libinit2.o(.ARM.Collect$$libinit$$00000021)
    __rt_lib_init_cpp_1                      0x080001a7   Thumb Code     0  libinit2.o(.ARM.Collect$$libinit$$00000032)
    __rt_lib_init_exceptions_1               0x080001a7   Thumb Code     0  libinit2.o(.ARM.Collect$$libinit$$00000030)
    __rt_lib_init_fp_1                       0x080001a7   Thumb Code     0  libinit2.o(.ARM.Collect$$libinit$$00000002)
    __rt_lib_init_fp_trap_1                  0x080001a7   Thumb Code     0  libinit2.o(.ARM.Collect$$libinit$$0000001F)
    __rt_lib_init_getenv_1                   0x080001a7   Thumb Code     0  libinit2.o(.ARM.Collect$$libinit$$00000023)
    __rt_lib_init_heap_1                     0x080001a7   Thumb Code     0  libinit2.o(.ARM.Collect$$libinit$$0000000A)
    __rt_lib_init_lc_collate_1               0x080001a7   Thumb Code     0  libinit2.o(.ARM.Collect$$libinit$$00000011)
    __rt_lib_init_lc_ctype_1                 0x080001a7   Thumb Code     0  libinit2.o(.ARM.Collect$$libinit$$00000013)
    __rt_lib_init_lc_monetary_1              0x080001a7   Thumb Code     0  libinit2.o(.ARM.Collect$$libinit$$00000015)
    __rt_lib_init_lc_numeric_1               0x080001a7   Thumb Code     0  libinit2.o(.ARM.Collect$$libinit$$00000017)
    __rt_lib_init_lc_time_1                  0x080001a7   Thumb Code     0  libinit2.o(.ARM.Collect$$libinit$$00000019)
    __rt_lib_init_preinit_1                  0x080001a7   Thumb Code     0  libinit2.o(.ARM.Collect$$libinit$$00000004)
    __rt_lib_init_rand_1                     0x080001a7   Thumb Code     0  libinit2.o(.ARM.Collect$$libinit$$0000000E)
    __rt_lib_init_return                     0x080001a7   Thumb Code     0  libinit2.o(.ARM.Collect$$libinit$$00000033)
    __rt_lib_init_signal_1                   0x080001a7   Thumb Code     0  libinit2.o(.ARM.Collect$$libinit$$0000001D)
    __rt_lib_init_stdio_1                    0x080001a7   Thumb Code     0  libinit2.o(.ARM.Collect$$libinit$$00000025)
    __rt_lib_init_user_alloc_1               0x080001a7   Thumb Code     0  libinit2.o(.ARM.Collect$$libinit$$0000000C)
    __rt_lib_shutdown                        0x080001a9   Thumb Code     0  libshutdown.o(.ARM.Collect$$libshutdown$$00000000)
    __rt_lib_shutdown_cpp_1                  0x080001ab   Thumb Code     0  libshutdown2.o(.ARM.Collect$$libshutdown$$00000002)
    __rt_lib_shutdown_fp_trap_1              0x080001ab   Thumb Code     0  libshutdown2.o(.ARM.Collect$$libshutdown$$00000007)
    __rt_lib_shutdown_heap_1                 0x080001ab   Thumb Code     0  libshutdown2.o(.ARM.Collect$$libshutdown$$0000000F)
    __rt_lib_shutdown_return                 0x080001ab   Thumb Code     0  libshutdown2.o(.ARM.Collect$$libshutdown$$00000010)
    __rt_lib_shutdown_signal_1               0x080001ab   Thumb Code     0  libshutdown2.o(.ARM.Collect$$libshutdown$$0000000A)
    __rt_lib_shutdown_stdio_1                0x080001ab   Thumb Code     0  libshutdown2.o(.ARM.Collect$$libshutdown$$00000004)
    __rt_lib_shutdown_user_alloc_1           0x080001ab   Thumb Code     0  libshutdown2.o(.ARM.Collect$$libshutdown$$0000000C)
    __rt_entry                               0x080001ad   Thumb Code     0  __rtentry.o(.ARM.Collect$$rtentry$$00000000)
    __rt_entry_presh_1                       0x080001ad   Thumb Code     0  __rtentry2.o(.ARM.Collect$$rtentry$$00000002)
    __rt_entry_sh                            0x080001ad   Thumb Code     0  __rtentry4.o(.ARM.Collect$$rtentry$$00000004)
    __rt_entry_li                            0x080001b3   Thumb Code     0  __rtentry2.o(.ARM.Collect$$rtentry$$0000000A)
    __rt_entry_postsh_1                      0x080001b3   Thumb Code     0  __rtentry2.o(.ARM.Collect$$rtentry$$00000009)
    __rt_entry_main                          0x080001b7   Thumb Code     0  __rtentry2.o(.ARM.Collect$$rtentry$$0000000D)
    __rt_entry_postli_1                      0x080001b7   Thumb Code     0  __rtentry2.o(.ARM.Collect$$rtentry$$0000000C)
    __rt_exit                                0x080001bf   Thumb Code     0  rtexit.o(.ARM.Collect$$rtexit$$00000000)
    __rt_exit_ls                             0x080001c1   Thumb Code     0  rtexit2.o(.ARM.Collect$$rtexit$$00000003)
    __rt_exit_prels_1                        0x080001c1   Thumb Code     0  rtexit2.o(.ARM.Collect$$rtexit$$00000002)
    __rt_exit_exit                           0x080001c5   Thumb Code     0  rtexit2.o(.ARM.Collect$$rtexit$$00000004)
    Reset_Handler                            0x080001cd   Thumb Code     8  startup_stm32f10x_hd.o(.text)
    ADC1_2_IRQHandler                        0x080001e7   Thumb Code     0  startup_stm32f10x_hd.o(.text)
    ADC3_IRQHandler                          0x080001e7   Thumb Code     0  startup_stm32f10x_hd.o(.text)
    CAN1_RX1_IRQHandler                      0x080001e7   Thumb Code     0  startup_stm32f10x_hd.o(.text)
    CAN1_SCE_IRQHandler                      0x080001e7   Thumb Code     0  startup_stm32f10x_hd.o(.text)
    DMA1_Channel1_IRQHandler                 0x080001e7   Thumb Code     0  startup_stm32f10x_hd.o(.text)
    DMA1_Channel2_IRQHandler                 0x080001e7   Thumb Code     0  startup_stm32f10x_hd.o(.text)
    DMA1_Channel3_IRQHandler                 0x080001e7   Thumb Code     0  startup_stm32f10x_hd.o(.text)
    DMA1_Channel4_IRQHandler                 0x080001e7   Thumb Code     0  startup_stm32f10x_hd.o(.text)
    DMA1_Channel5_IRQHandler                 0x080001e7   Thumb Code     0  startup_stm32f10x_hd.o(.text)
    DMA1_Channel6_IRQHandler                 0x080001e7   Thumb Code     0  startup_stm32f10x_hd.o(.text)
    DMA1_Channel7_IRQHandler                 0x080001e7   Thumb Code     0  startup_stm32f10x_hd.o(.text)
    DMA2_Channel1_IRQHandler                 0x080001e7   Thumb Code     0  startup_stm32f10x_hd.o(.text)
    DMA2_Channel2_IRQHandler                 0x080001e7   Thumb Code     0  startup_stm32f10x_hd.o(.text)
    DMA2_Channel3_IRQHandler                 0x080001e7   Thumb Code     0  startup_stm32f10x_hd.o(.text)
    DMA2_Channel4_5_IRQHandler               0x080001e7   Thumb Code     0  startup_stm32f10x_hd.o(.text)
    EXTI0_IRQHandler                         0x080001e7   Thumb Code     0  startup_stm32f10x_hd.o(.text)
    EXTI15_10_IRQHandler                     0x080001e7   Thumb Code     0  startup_stm32f10x_hd.o(.text)
    EXTI1_IRQHandler                         0x080001e7   Thumb Code     0  startup_stm32f10x_hd.o(.text)
    EXTI2_IRQHandler                         0x080001e7   Thumb Code     0  startup_stm32f10x_hd.o(.text)
    EXTI3_IRQHandler                         0x080001e7   Thumb Code     0  startup_stm32f10x_hd.o(.text)
    EXTI4_IRQHandler                         0x080001e7   Thumb Code     0  startup_stm32f10x_hd.o(.text)
    EXTI9_5_IRQHandler                       0x080001e7   Thumb Code     0  startup_stm32f10x_hd.o(.text)
    FLASH_IRQHandler                         0x080001e7   Thumb Code     0  startup_stm32f10x_hd.o(.text)
    FSMC_IRQHandler                          0x080001e7   Thumb Code     0  startup_stm32f10x_hd.o(.text)
    I2C1_ER_IRQHandler                       0x080001e7   Thumb Code     0  startup_stm32f10x_hd.o(.text)
    I2C1_EV_IRQHandler                       0x080001e7   Thumb Code     0  startup_stm32f10x_hd.o(.text)
    I2C2_ER_IRQHandler                       0x080001e7   Thumb Code     0  startup_stm32f10x_hd.o(.text)
    I2C2_EV_IRQHandler                       0x080001e7   Thumb Code     0  startup_stm32f10x_hd.o(.text)
    PVD_IRQHandler                           0x080001e7   Thumb Code     0  startup_stm32f10x_hd.o(.text)
    RCC_IRQHandler                           0x080001e7   Thumb Code     0  startup_stm32f10x_hd.o(.text)
    RTCAlarm_IRQHandler                      0x080001e7   Thumb Code     0  startup_stm32f10x_hd.o(.text)
    RTC_IRQHandler                           0x080001e7   Thumb Code     0  startup_stm32f10x_hd.o(.text)
    SDIO_IRQHandler                          0x080001e7   Thumb Code     0  startup_stm32f10x_hd.o(.text)
    SPI1_IRQHandler                          0x080001e7   Thumb Code     0  startup_stm32f10x_hd.o(.text)
    SPI2_IRQHandler                          0x080001e7   Thumb Code     0  startup_stm32f10x_hd.o(.text)
    SPI3_IRQHandler                          0x080001e7   Thumb Code     0  startup_stm32f10x_hd.o(.text)
    TAMPER_IRQHandler                        0x080001e7   Thumb Code     0  startup_stm32f10x_hd.o(.text)
    TIM1_BRK_IRQHandler                      0x080001e7   Thumb Code     0  startup_stm32f10x_hd.o(.text)
    TIM1_CC_IRQHandler                       0x080001e7   Thumb Code     0  startup_stm32f10x_hd.o(.text)
    TIM1_TRG_COM_IRQHandler                  0x080001e7   Thumb Code     0  startup_stm32f10x_hd.o(.text)
    TIM1_UP_IRQHandler                       0x080001e7   Thumb Code     0  startup_stm32f10x_hd.o(.text)
    TIM2_IRQHandler                          0x080001e7   Thumb Code     0  startup_stm32f10x_hd.o(.text)
    TIM3_IRQHandler                          0x080001e7   Thumb Code     0  startup_stm32f10x_hd.o(.text)
    TIM4_IRQHandler                          0x080001e7   Thumb Code     0  startup_stm32f10x_hd.o(.text)
    TIM5_IRQHandler                          0x080001e7   Thumb Code     0  startup_stm32f10x_hd.o(.text)
    TIM6_IRQHandler                          0x080001e7   Thumb Code     0  startup_stm32f10x_hd.o(.text)
    TIM7_IRQHandler                          0x080001e7   Thumb Code     0  startup_stm32f10x_hd.o(.text)
    TIM8_BRK_IRQHandler                      0x080001e7   Thumb Code     0  startup_stm32f10x_hd.o(.text)
    TIM8_CC_IRQHandler                       0x080001e7   Thumb Code     0  startup_stm32f10x_hd.o(.text)
    TIM8_TRG_COM_IRQHandler                  0x080001e7   Thumb Code     0  startup_stm32f10x_hd.o(.text)
    TIM8_UP_IRQHandler                       0x080001e7   Thumb Code     0  startup_stm32f10x_hd.o(.text)
    UART4_IRQHandler                         0x080001e7   Thumb Code     0  startup_stm32f10x_hd.o(.text)
    UART5_IRQHandler                         0x080001e7   Thumb Code     0  startup_stm32f10x_hd.o(.text)
    USART2_IRQHandler                        0x080001e7   Thumb Code     0  startup_stm32f10x_hd.o(.text)
    USART3_IRQHandler                        0x080001e7   Thumb Code     0  startup_stm32f10x_hd.o(.text)
    USBWakeUp_IRQHandler                     0x080001e7   Thumb Code     0  startup_stm32f10x_hd.o(.text)
    USB_HP_CAN1_TX_IRQHandler                0x080001e7   Thumb Code     0  startup_stm32f10x_hd.o(.text)
    USB_LP_CAN1_RX0_IRQHandler               0x080001e7   Thumb Code     0  startup_stm32f10x_hd.o(.text)
    WWDG_IRQHandler                          0x080001e7   Thumb Code     0  startup_stm32f10x_hd.o(.text)
    __user_initial_stackheap                 0x080001e9   Thumb Code     0  startup_stm32f10x_hd.o(.text)
    __use_no_semihosting                     0x0800020d   Thumb Code     2  use_no_semi_2.o(.text)
    __aeabi_memclr                           0x0800020f   Thumb Code     0  rt_memclr.o(.text)
    __rt_memclr                              0x0800020f   Thumb Code    68  rt_memclr.o(.text)
    _memset                                  0x08000213   Thumb Code     0  rt_memclr.o(.text)
    __aeabi_memclr4                          0x08000253   Thumb Code     0  rt_memclr_w.o(.text)
    __aeabi_memclr8                          0x08000253   Thumb Code     0  rt_memclr_w.o(.text)
    __rt_memclr_w                            0x08000253   Thumb Code    78  rt_memclr_w.o(.text)
    _memset_w                                0x08000257   Thumb Code     0  rt_memclr_w.o(.text)
    __use_two_region_memory                  0x080002a1   Thumb Code     2  heapauxi.o(.text)
    __rt_heap_escrow$2region                 0x080002a3   Thumb Code     2  heapauxi.o(.text)
    __rt_heap_expand$2region                 0x080002a5   Thumb Code     2  heapauxi.o(.text)
    __I$use$semihosting                      0x080002a7   Thumb Code     0  use_no_semi.o(.text)
    __use_no_semihosting_swi                 0x080002a7   Thumb Code     2  use_no_semi.o(.text)
    __user_setup_stackheap                   0x080002a9   Thumb Code    74  sys_stackheap_outer.o(.text)
    exit                                     0x080002f3   Thumb Code    18  exit.o(.text)
    __user_libspace                          0x08000305   Thumb Code     8  libspace.o(.text)
    __user_perproc_libspace                  0x08000305   Thumb Code     0  libspace.o(.text)
    __user_perthread_libspace                0x08000305   Thumb Code     0  libspace.o(.text)
    BusFault_Handler                         0x0800030d   Thumb Code     4  stm32f10x_it.o(i.BusFault_Handler)
    DebugMon_Handler                         0x08000311   Thumb Code     2  stm32f10x_it.o(i.DebugMon_Handler)
    Delay                                    0x08000313   Thumb Code    12  main.o(i.Delay)
    GPIO_Init                                0x0800031f   Thumb Code   278  stm32f10x_gpio.o(i.GPIO_Init)
    GPIO_ResetBits                           0x08000435   Thumb Code     4  stm32f10x_gpio.o(i.GPIO_ResetBits)
    GPIO_SetBits                             0x08000439   Thumb Code     4  stm32f10x_gpio.o(i.GPIO_SetBits)
    HardFault_Handler                        0x0800043d   Thumb Code     4  stm32f10x_it.o(i.HardFault_Handler)
    MemManage_Handler                        0x08000441   Thumb Code     4  stm32f10x_it.o(i.MemManage_Handler)
    NMI_Handler                              0x08000445   Thumb Code     2  stm32f10x_it.o(i.NMI_Handler)
    PendSV_Handler                           0x08000475   Thumb Code     2  stm32f10x_it.o(i.PendSV_Handler)
    RCC_APB2PeriphClockCmd                   0x08000479   Thumb Code    26  stm32f10x_rcc.o(i.RCC_APB2PeriphClockCmd)
    SVC_Handler                              0x08000499   Thumb Code     2  stm32f10x_it.o(i.SVC_Handler)
    SysTick_CLKSourceConfig                  0x08000585   Thumb Code    40  misc.o(i.SysTick_CLKSourceConfig)
    SysTick_Handler                          0x080005ad   Thumb Code     2  stm32f10x_it.o(i.SysTick_Handler)
    SystemInit                               0x080005b1   Thumb Code    78  system_stm32f10x.o(i.SystemInit)
    USART1_IRQHandler                        0x08000611   Thumb Code   122  usart.o(i.USART1_IRQHandler)
    USART_GetITStatus                        0x08000699   Thumb Code    84  stm32f10x_usart.o(i.USART_GetITStatus)
    USART_ReceiveData                        0x080006ed   Thumb Code    10  stm32f10x_usart.o(i.USART_ReceiveData)
    UsageFault_Handler                       0x080006f7   Thumb Code     4  stm32f10x_it.o(i.UsageFault_Handler)
    _sys_exit                                0x080006fb   Thumb Code     4  usart.o(i._sys_exit)
    delay_init                               0x08000701   Thumb Code    50  delay.o(i.delay_init)
    delay_ms                                 0x08000745   Thumb Code    72  delay.o(i.delay_ms)
    delay_us                                 0x08000791   Thumb Code    72  delay.o(i.delay_us)
    main                                     0x0800096d   Thumb Code   314  main.o(i.main)
    u8g2_ClearBuffer                         0x08000aed   Thumb Code    26  u8g2_buffer.o(i.u8g2_ClearBuffer)
    u8g2_DrawGlyph                           0x08000b07   Thumb Code    98  u8g2_font.o(i.u8g2_DrawGlyph)
    u8g2_DrawHLine                           0x08000b69   Thumb Code    28  u8g2_hvline.o(i.u8g2_DrawHLine)
    u8g2_DrawHVLine                          0x08000b85   Thumb Code   220  u8g2_hvline.o(i.u8g2_DrawHVLine)
    u8g2_DrawStr                             0x08000c61   Thumb Code    32  u8g2_font.o(i.u8g2_DrawStr)
    u8g2_DrawVLine                           0x08000c85   Thumb Code    28  u8g2_hvline.o(i.u8g2_DrawVLine)
    u8g2_FirstPage                           0x08000ca1   Thumb Code    26  u8g2_buffer.o(i.u8g2_FirstPage)
    u8g2_Init                                0x08000cbd   Thumb Code    38  oled.o(i.u8g2_Init)
    u8g2_IsIntersection                      0x08000cf1   Thumb Code    58  u8g2_intersection.o(i.u8g2_IsIntersection)
    u8g2_NextPage                            0x08000d2b   Thumb Code    64  u8g2_buffer.o(i.u8g2_NextPage)
    u8g2_SetBufferCurrTileRow                0x08000d6b   Thumb Code    28  u8g2_buffer.o(i.u8g2_SetBufferCurrTileRow)
    u8g2_SetFont                             0x08000d87   Thumb Code    32  u8g2_font.o(i.u8g2_SetFont)
    u8g2_SetFontDirection                    0x08000da7   Thumb Code     6  u8g2_font.o(i.u8g2_SetFontDirection)
    u8g2_SetFontMode                         0x08000dad   Thumb Code     6  u8g2_font.o(i.u8g2_SetFontMode)
    u8g2_SetFontPosBaseline                  0x08000db5   Thumb Code     6  u8g2_font.o(i.u8g2_SetFontPosBaseline)
    u8g2_SetMaxClipWindow                    0x08000dc1   Thumb Code    32  u8g2_setup.o(i.u8g2_SetMaxClipWindow)
    u8g2_SetupBuffer                         0x08000de1   Thumb Code    90  u8g2_setup.o(i.u8g2_SetupBuffer)
    u8g2_Setup_ssd1306_i2c_128x64_noname_f   0x08000e3d   Thumb Code    54  u8g2_d_setup.o(i.u8g2_Setup_ssd1306_i2c_128x64_noname_f)
    u8g2_UpdateRefHeight                     0x08000e81   Thumb Code   136  u8g2_font.o(i.u8g2_UpdateRefHeight)
    u8g2_add_vector_x                        0x08000f09   Thumb Code    42  u8g2_font.o(i.u8g2_add_vector_x)
    u8g2_add_vector_y                        0x08000f33   Thumb Code    42  u8g2_font.o(i.u8g2_add_vector_y)
    u8g2_draw_hv_line_2dir                   0x08001023   Thumb Code    44  u8g2_hvline.o(i.u8g2_draw_hv_line_2dir)
    u8g2_draw_l90_mirrorr_r0                 0x0800104f   Thumb Code    60  u8g2_setup.o(i.u8g2_draw_l90_mirrorr_r0)
    u8g2_draw_l90_r0                         0x0800108b   Thumb Code    36  u8g2_setup.o(i.u8g2_draw_l90_r0)
    u8g2_draw_l90_r1                         0x080010af   Thumb Code    68  u8g2_setup.o(i.u8g2_draw_l90_r1)
    u8g2_draw_l90_r2                         0x080010f3   Thumb Code    86  u8g2_setup.o(i.u8g2_draw_l90_r2)
    u8g2_draw_l90_r3                         0x08001149   Thumb Code    80  u8g2_setup.o(i.u8g2_draw_l90_r3)
    u8g2_draw_mirror_vertical_r0             0x08001199   Thumb Code    60  u8g2_setup.o(i.u8g2_draw_mirror_vertical_r0)
    u8g2_font_calc_vref_font                 0x08001265   Thumb Code     6  u8g2_font.o(i.u8g2_font_calc_vref_font)
    u8g2_font_decode_get_signed_bits         0x0800126b   Thumb Code    36  u8g2_font.o(i.u8g2_font_decode_get_signed_bits)
    u8g2_font_decode_get_unsigned_bits       0x0800128f   Thumb Code    66  u8g2_font.o(i.u8g2_font_decode_get_unsigned_bits)
    u8g2_font_decode_glyph                   0x080012d1   Thumb Code   386  u8g2_font.o(i.u8g2_font_decode_glyph)
    u8g2_font_decode_len                     0x08001453   Thumb Code   176  u8g2_font.o(i.u8g2_font_decode_len)
    u8g2_font_get_glyph_data                 0x08001545   Thumb Code   146  u8g2_font.o(i.u8g2_font_get_glyph_data)
    u8g2_is_intersection_decision_tree       0x0800162f   Thumb Code    48  u8g2_intersection.o(i.u8g2_is_intersection_decision_tree)
    u8g2_ll_hvline_vertical_top_lsb          0x0800165f   Thumb Code   238  u8g2_ll_hvline.o(i.u8g2_ll_hvline_vertical_top_lsb)
    u8g2_m_16_8_f                            0x0800174d   Thumb Code    10  u8g2_d_memory.o(i.u8g2_m_16_8_f)
    u8g2_read_font_info                      0x0800175d   Thumb Code   224  u8g2_font.o(i.u8g2_read_font_info)
    u8g2_update_dimension_r0                 0x08001909   Thumb Code    12  u8g2_setup.o(i.u8g2_update_dimension_r0)
    u8g2_update_dimension_r1                 0x08001915   Thumb Code    28  u8g2_setup.o(i.u8g2_update_dimension_r1)
    u8g2_update_dimension_r2                 0x08001931   Thumb Code    12  u8g2_setup.o(i.u8g2_update_dimension_r2)
    u8g2_update_dimension_r3                 0x0800193d   Thumb Code    28  u8g2_setup.o(i.u8g2_update_dimension_r3)
    u8g2_update_page_win_r0                  0x08001959   Thumb Code    32  u8g2_setup.o(i.u8g2_update_page_win_r0)
    u8g2_update_page_win_r1                  0x08001979   Thumb Code    32  u8g2_setup.o(i.u8g2_update_page_win_r1)
    u8g2_update_page_win_r2                  0x08001999   Thumb Code    60  u8g2_setup.o(i.u8g2_update_page_win_r2)
    u8g2_update_page_win_r3                  0x080019d5   Thumb Code    60  u8g2_setup.o(i.u8g2_update_page_win_r3)
    u8x8_DrawTile                            0x08001a11   Thumb Code    50  u8x8_display.o(i.u8x8_DrawTile)
    u8x8_InitDisplay                         0x08001a43   Thumb Code    18  u8x8_display.o(i.u8x8_InitDisplay)
    u8x8_RefreshDisplay                      0x08001a55   Thumb Code    18  u8x8_display.o(i.u8x8_RefreshDisplay)
    u8x8_SetPowerSave                        0x08001a67   Thumb Code    20  u8x8_display.o(i.u8x8_SetPowerSave)
    u8x8_Setup                               0x08001a7b   Thumb Code    42  u8x8_setup.o(i.u8x8_Setup)
    u8x8_SetupDefaults                       0x08001aa5   Thumb Code    38  u8x8_setup.o(i.u8x8_SetupDefaults)
    u8x8_SetupMemory                         0x08001ad1   Thumb Code    18  u8x8_display.o(i.u8x8_SetupMemory)
    u8x8_ascii_next                          0x08001ae3   Thumb Code    18  u8x8_8x8.o(i.u8x8_ascii_next)
    u8x8_byte_EndTransfer                    0x08001af5   Thumb Code    18  u8x8_byte.o(i.u8x8_byte_EndTransfer)
    u8x8_byte_SendByte                       0x08001b07   Thumb Code    16  u8x8_byte.o(i.u8x8_byte_SendByte)
    u8x8_byte_SendBytes                      0x08001b17   Thumb Code    26  u8x8_byte.o(i.u8x8_byte_SendBytes)
    u8x8_byte_StartTransfer                  0x08001b31   Thumb Code    18  u8x8_byte.o(i.u8x8_byte_StartTransfer)
    u8x8_byte_sw_i2c                         0x08001b43   Thumb Code   110  u8x8_byte.o(i.u8x8_byte_sw_i2c)
    u8x8_cad_EndTransfer                     0x08001bb1   Thumb Code    18  u8x8_cad.o(i.u8x8_cad_EndTransfer)
    u8x8_cad_SendArg                         0x08001bc3   Thumb Code    20  u8x8_cad.o(i.u8x8_cad_SendArg)
    u8x8_cad_SendCmd                         0x08001bd7   Thumb Code    20  u8x8_cad.o(i.u8x8_cad_SendCmd)
    u8x8_cad_SendData                        0x08001beb   Thumb Code    26  u8x8_cad.o(i.u8x8_cad_SendData)
    u8x8_cad_SendSequence                    0x08001c05   Thumb Code   124  u8x8_cad.o(i.u8x8_cad_SendSequence)
    u8x8_cad_StartTransfer                   0x08001c81   Thumb Code    18  u8x8_cad.o(i.u8x8_cad_StartTransfer)
    u8x8_cad_ssd13xx_fast_i2c                0x08001c95   Thumb Code   208  u8x8_cad.o(i.u8x8_cad_ssd13xx_fast_i2c)
    u8x8_d_helper_display_init               0x08001d69   Thumb Code    96  u8x8_display.o(i.u8x8_d_helper_display_init)
    u8x8_d_helper_display_setup_memory       0x08001dc9   Thumb Code    12  u8x8_display.o(i.u8x8_d_helper_display_setup_memory)
    u8x8_d_ssd1306_128x64_noname             0x08001dd5   Thumb Code    76  u8x8_d_ssd1306_128x64_noname.o(i.u8x8_d_ssd1306_128x64_noname)
    u8x8_dummy_cb                            0x08001f2d   Thumb Code     8  u8x8_setup.o(i.u8x8_dummy_cb)
    u8x8_gpio_and_delay_stm32l0              0x08001f35   Thumb Code   148  oled.o(i.u8x8_gpio_and_delay_stm32l0)
    u8x8_gpio_call                           0x08001fcd   Thumb Code    26  u8x8_gpio.o(i.u8x8_gpio_call)
    u8x8_utf8_init                           0x08002015   Thumb Code     8  u8x8_8x8.o(i.u8x8_utf8_init)
    u8g2_cb_r0                               0x0800201c   Data          12  u8g2_setup.o(.constdata)
    u8g2_cb_r1                               0x08002028   Data          12  u8g2_setup.o(.constdata)
    u8g2_cb_r2                               0x08002034   Data          12  u8g2_setup.o(.constdata)
    u8g2_cb_r3                               0x08002040   Data          12  u8g2_setup.o(.constdata)
    u8g2_cb_mirror                           0x0800204c   Data          12  u8g2_setup.o(.constdata)
    u8g2_cb_mirror_vertical                  0x08002058   Data          12  u8g2_setup.o(.constdata)
    u8g2_font_4x6_tr                         0x080021bc   Data         723  u8g2_fonts.o(.constdata)
    u8g2_font_5x7_tf                         0x0800248f   Data        1612  u8g2_fonts.o(.constdata)
    u8g2_font_inb24_mf                       0x08002adb   Data        8821  u8g2_fonts.o(.constdata)
    Region$$Table$$Base                      0x08004d50   Number         0  anon$$obj.o(Region$$Table)
    Region$$Table$$Limit                     0x08004d70   Number         0  anon$$obj.o(Region$$Table)
    SystemCoreClock                          0x20000000   Data           4  system_stm32f10x.o(.data)
    AHBPrescTable                            0x20000004   Data          16  system_stm32f10x.o(.data)
    __stdout                                 0x20000018   Data           4  usart.o(.data)
    USART_RX_STA                             0x2000001c   Data           2  usart.o(.data)
    u8g2                                     0x20000024   Data         148  main.o(.bss)
    USART_RX_BUF                             0x200000b8   Data         200  usart.o(.bss)
    __libspace_start                         0x20000580   Data          96  libspace.o(.bss)
    __temporary_stack_top$libspace           0x200005e0   Data           0  libspace.o(.bss)



==============================================================================

Memory Map of the image

  Image Entry point : 0x080001cd

  Load Region LR_1 (Base: 0x08000000, Size: 0x00004d94, Max: 0xffffffff, ABSOLUTE)

    Execution Region ER_RO (Exec base: 0x08000000, Load base: 0x08000000, Size: 0x00004d70, Max: 0xffffffff, ABSOLUTE)

    Exec Addr    Load Addr    Size         Type   Attr      Idx    E Section Name        Object

    0x08000000   0x08000000   0x00000130   Data   RO          367    RESET               startup_stm32f10x_hd.o
    0x08000130   0x08000130   0x00000008   Code   RO         6074  * !!!main             c_w.l(__main.o)
    0x08000138   0x08000138   0x00000034   Code   RO         6229    !!!scatter          c_w.l(__scatter.o)
    0x0800016c   0x0800016c   0x0000001a   Code   RO         6231    !!handler_copy      c_w.l(__scatter_copy.o)
    0x08000186   0x08000186   0x00000002   PAD
    0x08000188   0x08000188   0x0000001c   Code   RO         6233    !!handler_zi        c_w.l(__scatter_zi.o)
    0x080001a4   0x080001a4   0x00000002   Code   RO         6103    .ARM.Collect$$libinit$$00000000  c_w.l(libinit.o)
    0x080001a6   0x080001a6   0x00000000   Code   RO         6110    .ARM.Collect$$libinit$$00000002  c_w.l(libinit2.o)
    0x080001a6   0x080001a6   0x00000000   Code   RO         6112    .ARM.Collect$$libinit$$00000004  c_w.l(libinit2.o)
    0x080001a6   0x080001a6   0x00000000   Code   RO         6115    .ARM.Collect$$libinit$$0000000A  c_w.l(libinit2.o)
    0x080001a6   0x080001a6   0x00000000   Code   RO         6117    .ARM.Collect$$libinit$$0000000C  c_w.l(libinit2.o)
    0x080001a6   0x080001a6   0x00000000   Code   RO         6119    .ARM.Collect$$libinit$$0000000E  c_w.l(libinit2.o)
    0x080001a6   0x080001a6   0x00000000   Code   RO         6122    .ARM.Collect$$libinit$$00000011  c_w.l(libinit2.o)
    0x080001a6   0x080001a6   0x00000000   Code   RO         6124    .ARM.Collect$$libinit$$00000013  c_w.l(libinit2.o)
    0x080001a6   0x080001a6   0x00000000   Code   RO         6126    .ARM.Collect$$libinit$$00000015  c_w.l(libinit2.o)
    0x080001a6   0x080001a6   0x00000000   Code   RO         6128    .ARM.Collect$$libinit$$00000017  c_w.l(libinit2.o)
    0x080001a6   0x080001a6   0x00000000   Code   RO         6130    .ARM.Collect$$libinit$$00000019  c_w.l(libinit2.o)
    0x080001a6   0x080001a6   0x00000000   Code   RO         6132    .ARM.Collect$$libinit$$0000001B  c_w.l(libinit2.o)
    0x080001a6   0x080001a6   0x00000000   Code   RO         6134    .ARM.Collect$$libinit$$0000001D  c_w.l(libinit2.o)
    0x080001a6   0x080001a6   0x00000000   Code   RO         6136    .ARM.Collect$$libinit$$0000001F  c_w.l(libinit2.o)
    0x080001a6   0x080001a6   0x00000000   Code   RO         6138    .ARM.Collect$$libinit$$00000021  c_w.l(libinit2.o)
    0x080001a6   0x080001a6   0x00000000   Code   RO         6140    .ARM.Collect$$libinit$$00000023  c_w.l(libinit2.o)
    0x080001a6   0x080001a6   0x00000000   Code   RO         6142    .ARM.Collect$$libinit$$00000025  c_w.l(libinit2.o)
    0x080001a6   0x080001a6   0x00000000   Code   RO         6146    .ARM.Collect$$libinit$$0000002C  c_w.l(libinit2.o)
    0x080001a6   0x080001a6   0x00000000   Code   RO         6148    .ARM.Collect$$libinit$$0000002E  c_w.l(libinit2.o)
    0x080001a6   0x080001a6   0x00000000   Code   RO         6150    .ARM.Collect$$libinit$$00000030  c_w.l(libinit2.o)
    0x080001a6   0x080001a6   0x00000000   Code   RO         6152    .ARM.Collect$$libinit$$00000032  c_w.l(libinit2.o)
    0x080001a6   0x080001a6   0x00000002   Code   RO         6153    .ARM.Collect$$libinit$$00000033  c_w.l(libinit2.o)
    0x080001a8   0x080001a8   0x00000002   Code   RO         6171    .ARM.Collect$$libshutdown$$00000000  c_w.l(libshutdown.o)
    0x080001aa   0x080001aa   0x00000000   Code   RO         6181    .ARM.Collect$$libshutdown$$00000002  c_w.l(libshutdown2.o)
    0x080001aa   0x080001aa   0x00000000   Code   RO         6183    .ARM.Collect$$libshutdown$$00000004  c_w.l(libshutdown2.o)
    0x080001aa   0x080001aa   0x00000000   Code   RO         6186    .ARM.Collect$$libshutdown$$00000007  c_w.l(libshutdown2.o)
    0x080001aa   0x080001aa   0x00000000   Code   RO         6189    .ARM.Collect$$libshutdown$$0000000A  c_w.l(libshutdown2.o)
    0x080001aa   0x080001aa   0x00000000   Code   RO         6191    .ARM.Collect$$libshutdown$$0000000C  c_w.l(libshutdown2.o)
    0x080001aa   0x080001aa   0x00000000   Code   RO         6194    .ARM.Collect$$libshutdown$$0000000F  c_w.l(libshutdown2.o)
    0x080001aa   0x080001aa   0x00000002   Code   RO         6195    .ARM.Collect$$libshutdown$$00000010  c_w.l(libshutdown2.o)
    0x080001ac   0x080001ac   0x00000000   Code   RO         6078    .ARM.Collect$$rtentry$$00000000  c_w.l(__rtentry.o)
    0x080001ac   0x080001ac   0x00000000   Code   RO         6080    .ARM.Collect$$rtentry$$00000002  c_w.l(__rtentry2.o)
    0x080001ac   0x080001ac   0x00000006   Code   RO         6092    .ARM.Collect$$rtentry$$00000004  c_w.l(__rtentry4.o)
    0x080001b2   0x080001b2   0x00000000   Code   RO         6082    .ARM.Collect$$rtentry$$00000009  c_w.l(__rtentry2.o)
    0x080001b2   0x080001b2   0x00000004   Code   RO         6083    .ARM.Collect$$rtentry$$0000000A  c_w.l(__rtentry2.o)
    0x080001b6   0x080001b6   0x00000000   Code   RO         6085    .ARM.Collect$$rtentry$$0000000C  c_w.l(__rtentry2.o)
    0x080001b6   0x080001b6   0x00000008   Code   RO         6086    .ARM.Collect$$rtentry$$0000000D  c_w.l(__rtentry2.o)
    0x080001be   0x080001be   0x00000002   Code   RO         6107    .ARM.Collect$$rtexit$$00000000  c_w.l(rtexit.o)
    0x080001c0   0x080001c0   0x00000000   Code   RO         6155    .ARM.Collect$$rtexit$$00000002  c_w.l(rtexit2.o)
    0x080001c0   0x080001c0   0x00000004   Code   RO         6156    .ARM.Collect$$rtexit$$00000003  c_w.l(rtexit2.o)
    0x080001c4   0x080001c4   0x00000006   Code   RO         6157    .ARM.Collect$$rtexit$$00000004  c_w.l(rtexit2.o)
    0x080001ca   0x080001ca   0x00000002   PAD
    0x080001cc   0x080001cc   0x00000040   Code   RO          368  * .text               startup_stm32f10x_hd.o
    0x0800020c   0x0800020c   0x00000002   Code   RO         6066    .text               c_w.l(use_no_semi_2.o)
    0x0800020e   0x0800020e   0x00000044   Code   RO         6068    .text               c_w.l(rt_memclr.o)
    0x08000252   0x08000252   0x0000004e   Code   RO         6070    .text               c_w.l(rt_memclr_w.o)
    0x080002a0   0x080002a0   0x00000006   Code   RO         6072    .text               c_w.l(heapauxi.o)
    0x080002a6   0x080002a6   0x00000002   Code   RO         6076    .text               c_w.l(use_no_semi.o)
    0x080002a8   0x080002a8   0x0000004a   Code   RO         6094    .text               c_w.l(sys_stackheap_outer.o)
    0x080002f2   0x080002f2   0x00000012   Code   RO         6096    .text               c_w.l(exit.o)
    0x08000304   0x08000304   0x00000008   Code   RO         6104    .text               c_w.l(libspace.o)
    0x0800030c   0x0800030c   0x00000004   Code   RO          136    i.BusFault_Handler  stm32f10x_it.o
    0x08000310   0x08000310   0x00000002   Code   RO          137    i.DebugMon_Handler  stm32f10x_it.o
    0x08000312   0x08000312   0x0000000c   Code   RO            1    i.Delay             main.o
    0x0800031e   0x0800031e   0x00000116   Code   RO         1523    i.GPIO_Init         stm32f10x_gpio.o
    0x08000434   0x08000434   0x00000004   Code   RO         1530    i.GPIO_ResetBits    stm32f10x_gpio.o
    0x08000438   0x08000438   0x00000004   Code   RO         1531    i.GPIO_SetBits      stm32f10x_gpio.o
    0x0800043c   0x0800043c   0x00000004   Code   RO          138    i.HardFault_Handler  stm32f10x_it.o
    0x08000440   0x08000440   0x00000004   Code   RO          139    i.MemManage_Handler  stm32f10x_it.o
    0x08000444   0x08000444   0x00000002   Code   RO          140    i.NMI_Handler       stm32f10x_it.o
    0x08000446   0x08000446   0x00000002   PAD
    0x08000448   0x08000448   0x0000002c   Code   RO         6041    i.OLED_Init         oled.o
    0x08000474   0x08000474   0x00000002   Code   RO          141    i.PendSV_Handler    stm32f10x_it.o
    0x08000476   0x08000476   0x00000002   PAD
    0x08000478   0x08000478   0x00000020   Code   RO         1941    i.RCC_APB2PeriphClockCmd  stm32f10x_rcc.o
    0x08000498   0x08000498   0x00000002   Code   RO          142    i.SVC_Handler       stm32f10x_it.o
    0x0800049a   0x0800049a   0x00000008   Code   RO          199    i.SetSysClock       system_stm32f10x.o
    0x080004a2   0x080004a2   0x00000002   PAD
    0x080004a4   0x080004a4   0x000000e0   Code   RO          200    i.SetSysClockTo72   system_stm32f10x.o
    0x08000584   0x08000584   0x00000028   Code   RO          376    i.SysTick_CLKSourceConfig  misc.o
    0x080005ac   0x080005ac   0x00000002   Code   RO          143    i.SysTick_Handler   stm32f10x_it.o
    0x080005ae   0x080005ae   0x00000002   PAD
    0x080005b0   0x080005b0   0x00000060   Code   RO          202    i.SystemInit        system_stm32f10x.o
    0x08000610   0x08000610   0x00000088   Code   RO          314    i.USART1_IRQHandler  usart.o
    0x08000698   0x08000698   0x00000054   Code   RO         3113    i.USART_GetITStatus  stm32f10x_usart.o
    0x080006ec   0x080006ec   0x0000000a   Code   RO         3123    i.USART_ReceiveData  stm32f10x_usart.o
    0x080006f6   0x080006f6   0x00000004   Code   RO          144    i.UsageFault_Handler  stm32f10x_it.o
    0x080006fa   0x080006fa   0x00000004   Code   RO          315    i._sys_exit         usart.o
    0x080006fe   0x080006fe   0x00000002   PAD
    0x08000700   0x08000700   0x00000044   Code   RO          233    i.delay_init        delay.o
    0x08000744   0x08000744   0x0000004c   Code   RO          234    i.delay_ms          delay.o
    0x08000790   0x08000790   0x0000004c   Code   RO          235    i.delay_us          delay.o
    0x080007dc   0x080007dc   0x00000010   Code   RO         5323    i.i2c_clear_scl     u8x8_byte.o
    0x080007ec   0x080007ec   0x00000010   Code   RO         5324    i.i2c_clear_sda     u8x8_byte.o
    0x080007fc   0x080007fc   0x00000012   Code   RO         5325    i.i2c_delay         u8x8_byte.o
    0x0800080e   0x0800080e   0x00000020   Code   RO         5326    i.i2c_init          u8x8_byte.o
    0x0800082e   0x0800082e   0x0000002a   Code   RO         5327    i.i2c_read_bit      u8x8_byte.o
    0x08000858   0x08000858   0x00000016   Code   RO         5328    i.i2c_read_scl_and_delay  u8x8_byte.o
    0x0800086e   0x0800086e   0x00000010   Code   RO         5329    i.i2c_read_sda      u8x8_byte.o
    0x0800087e   0x0800087e   0x0000003c   Code   RO         5330    i.i2c_start         u8x8_byte.o
    0x080008ba   0x080008ba   0x0000002a   Code   RO         5331    i.i2c_stop          u8x8_byte.o
    0x080008e4   0x080008e4   0x0000002a   Code   RO         5332    i.i2c_write_bit     u8x8_byte.o
    0x0800090e   0x0800090e   0x0000005e   Code   RO         5333    i.i2c_write_byte    u8x8_byte.o
    0x0800096c   0x0800096c   0x00000180   Code   RO            2    i.main              main.o
    0x08000aec   0x08000aec   0x0000001a   Code   RO         4090    i.u8g2_ClearBuffer  u8g2_buffer.o
    0x08000b06   0x08000b06   0x00000062   Code   RO         4299    i.u8g2_DrawGlyph    u8g2_font.o
    0x08000b68   0x08000b68   0x0000001c   Code   RO         4623    i.u8g2_DrawHLine    u8g2_hvline.o
    0x08000b84   0x08000b84   0x000000dc   Code   RO         4624    i.u8g2_DrawHVLine   u8g2_hvline.o
    0x08000c60   0x08000c60   0x00000024   Code   RO         4301    i.u8g2_DrawStr      u8g2_font.o
    0x08000c84   0x08000c84   0x0000001c   Code   RO         4626    i.u8g2_DrawVLine    u8g2_hvline.o
    0x08000ca0   0x08000ca0   0x0000001a   Code   RO         4091    i.u8g2_FirstPage    u8g2_buffer.o
    0x08000cba   0x08000cba   0x00000002   PAD
    0x08000cbc   0x08000cbc   0x00000034   Code   RO         6042    i.u8g2_Init         oled.o
    0x08000cf0   0x08000cf0   0x0000003a   Code   RO         4685    i.u8g2_IsIntersection  u8g2_intersection.o
    0x08000d2a   0x08000d2a   0x00000040   Code   RO         4092    i.u8g2_NextPage     u8g2_buffer.o
    0x08000d6a   0x08000d6a   0x0000001c   Code   RO         4094    i.u8g2_SetBufferCurrTileRow  u8g2_buffer.o
    0x08000d86   0x08000d86   0x00000020   Code   RO         4318    i.u8g2_SetFont      u8g2_font.o
    0x08000da6   0x08000da6   0x00000006   Code   RO         4319    i.u8g2_SetFontDirection  u8g2_font.o
    0x08000dac   0x08000dac   0x00000006   Code   RO         4320    i.u8g2_SetFontMode  u8g2_font.o
    0x08000db2   0x08000db2   0x00000002   PAD
    0x08000db4   0x08000db4   0x0000000c   Code   RO         4321    i.u8g2_SetFontPosBaseline  u8g2_font.o
    0x08000dc0   0x08000dc0   0x00000020   Code   RO         4900    i.u8g2_SetMaxClipWindow  u8g2_setup.o
    0x08000de0   0x08000de0   0x0000005a   Code   RO         4901    i.u8g2_SetupBuffer  u8g2_setup.o
    0x08000e3a   0x08000e3a   0x00000002   PAD
    0x08000e3c   0x08000e3c   0x00000044   Code   RO         4285    i.u8g2_Setup_ssd1306_i2c_128x64_noname_f  u8g2_d_setup.o
    0x08000e80   0x08000e80   0x00000088   Code   RO         4328    i.u8g2_UpdateRefHeight  u8g2_font.o
    0x08000f08   0x08000f08   0x0000002a   Code   RO         4329    i.u8g2_add_vector_x  u8g2_font.o
    0x08000f32   0x08000f32   0x0000002a   Code   RO         4330    i.u8g2_add_vector_y  u8g2_font.o
    0x08000f5c   0x08000f5c   0x0000007a   Code   RO         4903    i.u8g2_apply_clip_window  u8g2_setup.o
    0x08000fd6   0x08000fd6   0x0000004c   Code   RO         4628    i.u8g2_clip_intersection2  u8g2_hvline.o
    0x08001022   0x08001022   0x0000002c   Code   RO         4629    i.u8g2_draw_hv_line_2dir  u8g2_hvline.o
    0x0800104e   0x0800104e   0x0000003c   Code   RO         4904    i.u8g2_draw_l90_mirrorr_r0  u8g2_setup.o
    0x0800108a   0x0800108a   0x00000024   Code   RO         4905    i.u8g2_draw_l90_r0  u8g2_setup.o
    0x080010ae   0x080010ae   0x00000044   Code   RO         4906    i.u8g2_draw_l90_r1  u8g2_setup.o
    0x080010f2   0x080010f2   0x00000056   Code   RO         4907    i.u8g2_draw_l90_r2  u8g2_setup.o
    0x08001148   0x08001148   0x00000050   Code   RO         4908    i.u8g2_draw_l90_r3  u8g2_setup.o
    0x08001198   0x08001198   0x0000003c   Code   RO         4909    i.u8g2_draw_mirror_vertical_r0  u8g2_setup.o
    0x080011d4   0x080011d4   0x00000090   Code   RO         4331    i.u8g2_draw_string  u8g2_font.o
    0x08001264   0x08001264   0x00000006   Code   RO         4338    i.u8g2_font_calc_vref_font  u8g2_font.o
    0x0800126a   0x0800126a   0x00000024   Code   RO         4340    i.u8g2_font_decode_get_signed_bits  u8g2_font.o
    0x0800128e   0x0800128e   0x00000042   Code   RO         4341    i.u8g2_font_decode_get_unsigned_bits  u8g2_font.o
    0x080012d0   0x080012d0   0x00000182   Code   RO         4342    i.u8g2_font_decode_glyph  u8g2_font.o
    0x08001452   0x08001452   0x000000b0   Code   RO         4343    i.u8g2_font_decode_len  u8g2_font.o
    0x08001502   0x08001502   0x0000003a   Code   RO         4344    i.u8g2_font_draw_glyph  u8g2_font.o
    0x0800153c   0x0800153c   0x00000008   Code   RO         4345    i.u8g2_font_get_byte  u8g2_font.o
    0x08001544   0x08001544   0x00000092   Code   RO         4346    i.u8g2_font_get_glyph_data  u8g2_font.o
    0x080015d6   0x080015d6   0x00000018   Code   RO         4347    i.u8g2_font_get_word  u8g2_font.o
    0x080015ee   0x080015ee   0x00000040   Code   RO         4348    i.u8g2_font_setup_decode  u8g2_font.o
    0x0800162e   0x0800162e   0x00000030   Code   RO         4686    i.u8g2_is_intersection_decision_tree  u8g2_intersection.o
    0x0800165e   0x0800165e   0x000000ee   Code   RO         4734    i.u8g2_ll_hvline_vertical_top_lsb  u8g2_ll_hvline.o
    0x0800174c   0x0800174c   0x00000010   Code   RO         4272    i.u8g2_m_16_8_f     u8g2_d_memory.o
    0x0800175c   0x0800175c   0x000000e0   Code   RO         4350    i.u8g2_read_font_info  u8g2_font.o
    0x0800183c   0x0800183c   0x00000036   Code   RO         4101    i.u8g2_send_buffer  u8g2_buffer.o
    0x08001872   0x08001872   0x00000036   Code   RO         4102    i.u8g2_send_tile_row  u8g2_buffer.o
    0x080018a8   0x080018a8   0x00000060   Code   RO         4910    i.u8g2_update_dimension_common  u8g2_setup.o
    0x08001908   0x08001908   0x0000000c   Code   RO         4911    i.u8g2_update_dimension_r0  u8g2_setup.o
    0x08001914   0x08001914   0x0000001c   Code   RO         4912    i.u8g2_update_dimension_r1  u8g2_setup.o
    0x08001930   0x08001930   0x0000000c   Code   RO         4913    i.u8g2_update_dimension_r2  u8g2_setup.o
    0x0800193c   0x0800193c   0x0000001c   Code   RO         4914    i.u8g2_update_dimension_r3  u8g2_setup.o
    0x08001958   0x08001958   0x00000020   Code   RO         4915    i.u8g2_update_page_win_r0  u8g2_setup.o
    0x08001978   0x08001978   0x00000020   Code   RO         4916    i.u8g2_update_page_win_r1  u8g2_setup.o
    0x08001998   0x08001998   0x0000003c   Code   RO         4917    i.u8g2_update_page_win_r2  u8g2_setup.o
    0x080019d4   0x080019d4   0x0000003c   Code   RO         4918    i.u8g2_update_page_win_r3  u8g2_setup.o
    0x08001a10   0x08001a10   0x00000032   Code   RO         5736    i.u8x8_DrawTile     u8x8_display.o
    0x08001a42   0x08001a42   0x00000012   Code   RO         5738    i.u8x8_InitDisplay  u8x8_display.o
    0x08001a54   0x08001a54   0x00000012   Code   RO         5740    i.u8x8_RefreshDisplay  u8x8_display.o
    0x08001a66   0x08001a66   0x00000014   Code   RO         5743    i.u8x8_SetPowerSave  u8x8_display.o
    0x08001a7a   0x08001a7a   0x0000002a   Code   RO         5914    i.u8x8_Setup        u8x8_setup.o
    0x08001aa4   0x08001aa4   0x0000002c   Code   RO         5915    i.u8x8_SetupDefaults  u8x8_setup.o
    0x08001ad0   0x08001ad0   0x00000012   Code   RO         5744    i.u8x8_SetupMemory  u8x8_display.o
    0x08001ae2   0x08001ae2   0x00000012   Code   RO         5202    i.u8x8_ascii_next   u8x8_8x8.o
    0x08001af4   0x08001af4   0x00000012   Code   RO         5338    i.u8x8_byte_EndTransfer  u8x8_byte.o
    0x08001b06   0x08001b06   0x00000010   Code   RO         5339    i.u8x8_byte_SendByte  u8x8_byte.o
    0x08001b16   0x08001b16   0x0000001a   Code   RO         5340    i.u8x8_byte_SendBytes  u8x8_byte.o
    0x08001b30   0x08001b30   0x00000012   Code   RO         5342    i.u8x8_byte_StartTransfer  u8x8_byte.o
    0x08001b42   0x08001b42   0x0000006e   Code   RO         5347    i.u8x8_byte_sw_i2c  u8x8_byte.o
    0x08001bb0   0x08001bb0   0x00000012   Code   RO         5474    i.u8x8_cad_EndTransfer  u8x8_cad.o
    0x08001bc2   0x08001bc2   0x00000014   Code   RO         5475    i.u8x8_cad_SendArg  u8x8_cad.o
    0x08001bd6   0x08001bd6   0x00000014   Code   RO         5476    i.u8x8_cad_SendCmd  u8x8_cad.o
    0x08001bea   0x08001bea   0x0000001a   Code   RO         5477    i.u8x8_cad_SendData  u8x8_cad.o
    0x08001c04   0x08001c04   0x0000007c   Code   RO         5479    i.u8x8_cad_SendSequence  u8x8_cad.o
    0x08001c80   0x08001c80   0x00000012   Code   RO         5480    i.u8x8_cad_StartTransfer  u8x8_cad.o
    0x08001c92   0x08001c92   0x00000002   PAD
    0x08001c94   0x08001c94   0x000000d4   Code   RO         5483    i.u8x8_cad_ssd13xx_fast_i2c  u8x8_cad.o
    0x08001d68   0x08001d68   0x00000060   Code   RO         5745    i.u8x8_d_helper_display_init  u8x8_display.o
    0x08001dc8   0x08001dc8   0x0000000c   Code   RO         5746    i.u8x8_d_helper_display_setup_memory  u8x8_display.o
    0x08001dd4   0x08001dd4   0x00000054   Code   RO         5660    i.u8x8_d_ssd1306_128x64_noname  u8x8_d_ssd1306_128x64_noname.o
    0x08001e28   0x08001e28   0x00000104   Code   RO         5662    i.u8x8_d_ssd1306_sh1106_generic  u8x8_d_ssd1306_128x64_noname.o
    0x08001f2c   0x08001f2c   0x00000008   Code   RO         5917    i.u8x8_dummy_cb     u8x8_setup.o
    0x08001f34   0x08001f34   0x00000098   Code   RO         6043    i.u8x8_gpio_and_delay_stm32l0  oled.o
    0x08001fcc   0x08001fcc   0x0000001a   Code   RO         5836    i.u8x8_gpio_call    u8x8_gpio.o
    0x08001fe6   0x08001fe6   0x0000002e   Code   RO         5491    i.u8x8_i2c_data_transfer  u8x8_cad.o
    0x08002014   0x08002014   0x00000008   Code   RO         5211    i.u8x8_utf8_init    u8x8_8x8.o
    0x0800201c   0x0800201c   0x00000048   Data   RO         4919    .constdata          u8g2_setup.o
    0x08002064   0x08002064   0x00000158   Data   RO         5664    .constdata          u8x8_d_ssd1306_128x64_noname.o
    0x080021bc   0x080021bc   0x00002b94   Data   RO         6028    .constdata          u8g2_fonts.o
    0x08004d50   0x08004d50   0x00000020   Data   RO         6227    Region$$Table       anon$$obj.o


    Execution Region ER_RW (Exec base: 0x20000000, Load base: 0x08004d70, Size: 0x00000024, Max: 0xffffffff, ABSOLUTE)

    Exec Addr    Load Addr    Size         Type   Attr      Idx    E Section Name        Object

    0x20000000   0x08004d70   0x00000014   Data   RW          203    .data               system_stm32f10x.o
    0x20000014   0x08004d84   0x00000004   Data   RW          236    .data               delay.o
    0x20000018   0x08004d88   0x00000006   Data   RW          319    .data               usart.o
    0x2000001e   0x08004d8e   0x00000006   Data   RW         5493    .data               u8x8_cad.o


    Execution Region ER_ZI (Exec base: 0x20000024, Load base: 0x08004d94, Size: 0x00000bbc, Max: 0xffffffff, ABSOLUTE)

    Exec Addr    Load Addr    Size         Type   Attr      Idx    E Section Name        Object

    0x20000024        -       0x00000094   Zero   RW            3    .bss                main.o
    0x200000b8        -       0x000000c8   Zero   RW          318    .bss                usart.o
    0x20000180        -       0x00000400   Zero   RW         4273    .bss                u8g2_d_memory.o
    0x20000580        -       0x00000060   Zero   RW         6105    .bss                c_w.l(libspace.o)
    0x200005e0        -       0x00000200   Zero   RW          366    HEAP                startup_stm32f10x_hd.o
    0x200007e0        -       0x00000400   Zero   RW          365    STACK               startup_stm32f10x_hd.o


==============================================================================

Image component sizes


      Code (inc. data)   RO Data    RW Data    ZI Data      Debug   Object Name

       220         26          0          4          0     204659   delay.o
       396         70          0          0        148     382767   main.o
        40          0          0          0          0        494   misc.o
       248         24          0          0          0       1634   oled.o
        64         26        304          0       1536        772   startup_stm32f10x_hd.o
       286          0          0          0          0       2912   stm32f10x_gpio.o
        26          0          0          0          0       3426   stm32f10x_it.o
        32          6          0          0          0        541   stm32f10x_rcc.o
        94          0          0          0          0       2644   stm32f10x_usart.o
         0          0          0          0          0         32   sys.o
       328         28          0         20          0       1937   system_stm32f10x.o
       252          0          0          0          0       3756   u8g2_buffer.o
        16          6          0          0       1024        780   u8g2_d_memory.o
        68         14          0          0          0       1001   u8g2_d_setup.o
      1748         10          0          0          0      13771   u8g2_font.o
         0          0      11156          0          0        611   u8g2_fonts.o
       396          0          0          0          0       3709   u8g2_hvline.o
       106          0          0          0          0       1455   u8g2_intersection.o
       238          0          0          0          0       1342   u8g2_ll_hvline.o
       994          0         72          0          0     153220   u8g2_setup.o
        26          0          0          0          0        979   u8x8_8x8.o
       588          0          0          0          0       8256   u8x8_byte.o
       484         10          0          6          0       7792   u8x8_cad.o
       344         26        344          0          0       3019   u8x8_d_ssd1306_128x64_noname.o
       232          0          0          0          0       4070   u8x8_display.o
        26          0          0          0          0        569   u8x8_gpio.o
        94          6          0          0          0       1770   u8x8_setup.o
       140         14          0          6        200       2780   usart.o

    ----------------------------------------------------------------------
      7504        266      11908         36       2908     810698   Object Totals
         0          0         32          0          0          0   (incl. Generated)
        18          0          0          0          0          0   (incl. Padding)

    ----------------------------------------------------------------------

      Code (inc. data)   RO Data    RW Data    ZI Data      Debug   Library Member Name

         8          0          0          0          0         68   __main.o
         0          0          0          0          0          0   __rtentry.o
        12          0          0          0          0          0   __rtentry2.o
         6          0          0          0          0          0   __rtentry4.o
        52          8          0          0          0          0   __scatter.o
        26          0          0          0          0          0   __scatter_copy.o
        28          0          0          0          0          0   __scatter_zi.o
        18          0          0          0          0         80   exit.o
         6          0          0          0          0        152   heapauxi.o
         2          0          0          0          0          0   libinit.o
         2          0          0          0          0          0   libinit2.o
         2          0          0          0          0          0   libshutdown.o
         2          0          0          0          0          0   libshutdown2.o
         8          4          0          0         96         68   libspace.o
        68          0          0          0          0         68   rt_memclr.o
        78          0          0          0          0         80   rt_memclr_w.o
         2          0          0          0          0          0   rtexit.o
        10          0          0          0          0          0   rtexit2.o
        74          0          0          0          0         80   sys_stackheap_outer.o
         2          0          0          0          0         68   use_no_semi.o
         2          0          0          0          0         68   use_no_semi_2.o

    ----------------------------------------------------------------------
       412         12          0          0         96        732   Library Totals
         4          0          0          0          0          0   (incl. Padding)

    ----------------------------------------------------------------------

      Code (inc. data)   RO Data    RW Data    ZI Data      Debug   Library Name

       408         12          0          0         96        732   c_w.l

    ----------------------------------------------------------------------
       412         12          0          0         96        732   Library Totals

    ----------------------------------------------------------------------

==============================================================================


      Code (inc. data)   RO Data    RW Data    ZI Data      Debug   

      7916        278      11908         36       3004     805030   Grand Totals
      7916        278      11908         36       3004     805030   ELF Image Totals
      7916        278      11908         36          0          0   ROM Totals

==============================================================================

    Total RO  Size (Code + RO Data)                19824 (  19.36kB)
    Total RW  Size (RW Data + ZI Data)              3040 (   2.97kB)
    Total ROM Size (Code + RO Data + RW Data)      19860 (  19.39kB)

==============================================================================

